/data0/yejinxuan/ce-ais/.venv/lib/python3.12/site-packages/lightning_lite/__init__.py:29: UserWarning: pkg_resources is deprecated as an API. See https://setuptools.pypa.io/en/latest/pkg_resources.html. The pkg_resources package is slated for removal as early as 2025-11-30. Refrain from using this package or pin to Setuptools<81.
  __import__("pkg_resources").declare_namespace(__name__)
Global seed set to 0
======================================================================
CE-AIS Paper Main Experiments
Methods: ['ce_ais']
Chains: 250 x 5
Device: cuda:0 (requested=cuda:0, visible=7)
EGL: enabled (EGL_VISIBLE_DEVICES=0)
======================================================================

[1] Initializing CALVIN environment...
Detected HuggingFace format
Loading config from: /data0/yejinxuan/ce-ais/data/flower_calvin_abc/config.yaml
/data0/yejinxuan/ce-ais/external/flower_vla_calvin/flower/evaluation/utils.py:201: UserWarning: 
The version_base parameter is not specified.
Please specify a compatability version level, or None.
Will assume defaults for version 1.1
  hydra.initialize("../../conf/datamodule/datasets")
Processing camera: rgb_static
Instantiating transform for camera rgb_static : {'_target_': 'torchvision.transforms.Resize', 'size': 224, 'antialias': True}
Instantiating transform for camera rgb_static : {'_target_': 'flower.utils.transforms.RandomShiftsAug', 'pad': 10}
Instantiating transform for camera rgb_static : {'_target_': 'flower.utils.transforms.ScaleImageTensor'}
Instantiating transform for camera rgb_static : {'_target_': 'torchvision.transforms.Normalize', 'mean': [0.48145466, 0.4578275, 0.40821073], 'std': [0.26862954, 0.26130258, 0.27577711]}
Processing camera: rgb_gripper
Instantiating transform for camera rgb_gripper : {'_target_': 'torchvision.transforms.Resize', 'size': 224, 'antialias': True}
Instantiating transform for camera rgb_gripper : {'_target_': 'flower.utils.transforms.RandomShiftsAug', 'pad': 4}
Instantiating transform for camera rgb_gripper : {'_target_': 'flower.utils.transforms.ScaleImageTensor'}
Instantiating transform for camera rgb_gripper : {'_target_': 'torchvision.transforms.Normalize', 'mean': [0.48145466, 0.4578275, 0.40821073], 'std': [0.26862954, 0.26130258, 0.27577711]}
trying to load lang data from:  /data0/yejinxuan/ce-ais/data/task_ABC_D/training/lang_annotations/auto_lang_ann.npy
trying to load lang data from:  /data0/yejinxuan/ce-ais/data/task_ABC_D/validation/lang_annotations/auto_lang_ann.npy
Gym has been unmaintained since 2022 and does not support NumPy 2.0 amongst other critical functionality.
Please upgrade to Gymnasium, the maintained drop-in replacement of Gym, or contact the authors of your software and request that they upgrade.
Users of this version of Gym should be able to simply replace 'import gym' with 'import gymnasium as gym' in the vast majority of cases.
See the migration guide at https://gymnasium.farama.org/introduction/migration_guide/ for additional information.
pybullet build time: Oct 21 2025 10:07:17
/data0/yejinxuan/ce-ais/external/flower_vla_calvin/calvin_env/calvin_env/envs/play_table_env.py:290: UserWarning: 
The version_base parameter is not specified.
Please specify a compatability version level, or None.
Will assume defaults for version 1.1
  @hydra.main(config_path="../../conf", config_name="config_data_collection")
Environment variable EGL_VISIBLE_DEVICES is already set. Is this intended?
argv[0]=--width=200
argv[1]=--height=200
EGL device choice: 7 of 17 (from EGL_VISIBLE_DEVICES)
Loaded EGL 1.5 after reload.
GL_VENDOR=NVIDIA Corporation
GL_RENDERER=NVIDIA A100-SXM4-80GB/PCIe/SSE2
GL_VERSION=3.3.0 NVIDIA 595.71.05
GL_SHADING_LANGUAGE_VERSION=3.30 NVIDIA via Cg compiler
Version = 3.3.0 NVIDIA 595.71.05
Vendor = NVIDIA Corporation
Renderer = NVIDIA A100-SXM4-80GB/PCIe/SSE2
Loading model from /data0/yejinxuan/ce-ais/data/flower_calvin_abc/model.safetensors
Checking for HF format: model.safetensors == 'model.safetensors' and /data0/yejinxuan/ce-ais/data/flower_calvin_abc/config.yaml exists: True
Detected HuggingFace format
Loading config from: /data0/yejinxuan/ce-ais/data/flower_calvin_abc/config.yaml
Loading model from /data0/yejinxuan/ce-ais/data/flower_calvin_abc/model.safetensors
Loading Florence-2 from /data0/yejinxuan/hf_cache/hub/Florence-2-large
The new embeddings will be initialized from a multivariate normal distribution that has old embeddings' mean and covariance. As described in this article: https://nlp.stanford.edu/~johnhew/vocab-expansion.html. To disable this, use `mean_resizing=False`
Loading pretrained weights from /data0/yejinxuan/ce-ais/data/flower_calvin_abc/model.safetensors...
Loaded safetensors file
Pretrained weights loaded with the following issues:
  ⚠️ Missing keys (not found in checkpoint, using default init): 2
    ['vlm.language_model.final_logits_bias', 'vlm.language_model.model.shared.weight'] ...
  ⚠️ Unexpected keys (ignored): 2
    ['vlm.language_final_logits_bias', 'vlm.language_shared.weight'] ...
Finished loading model /data0/yejinxuan/ce-ais/data/flower_calvin_abc/model.safetensors
Successfully loaded model.
  Using official FLOWER HulcWrapper environment
  Sequence source: flower_official
Global seed set to 0

[Eval] Running: ce_ais
Loading Florence-2 from /data0/yejinxuan/hf_cache/hub/Florence-2-large
Loading pretrained weights from /data0/yejinxuan/ce-ais/data/flower_calvin_abc/model.safetensors...
Loaded safetensors file
Pretrained weights loaded with the following issues:
  ⚠️ Missing keys (not found in checkpoint, using default init): 2
    ['vlm.language_model.final_logits_bias', 'vlm.language_model.model.shared.weight'] ...
  ⚠️ Unexpected keys (ignored): 2
    ['vlm.language_final_logits_bias', 'vlm.language_shared.weight'] ...
  Loaded encoder checkpoint: /data0/yejinxuan/ce-ais/checkpoints/encoder_epoch0044.pt
  Loaded CE-WM checkpoint: /data0/yejinxuan/ce-ais/checkpoints_calibrated_cewm/cewm_epoch0033.pt
    [ce_ais] chain 1/250 start: ['open_drawer', 'rotate_red_block_left', 'move_slider_right', 'turn_on_lightbulb', 'lift_blue_block_slider']
ven = NVIDIA Corporation
ven = NVIDIA Corporation
    [ce_ais] chain 1/250 task 1/5 success: 52 steps
    [ce_ais] chain 1/250 task 2/5 success: 103 steps
    [ce_ais] chain 1/250 task 3/5 success: 70 steps
    [ce_ais] chain 1/250 task 4/5 success: 51 steps
    [ce_ais] chain 1/250 task 5/5 success: 100 steps
    [ce_ais] chain 2/250 start: ['turn_off_led', 'move_slider_left', 'rotate_red_block_left', 'lift_red_block_table', 'place_in_slider']
    [ce_ais] chain 2/250 task 1/5 success: 37 steps
    [ce_ais] chain 2/250 task 2/5 success: 101 steps
    [ce_ais] chain 2/250 task 3/5 success: 100 steps
    [ce_ais] chain 2/250 task 4/5 success: 78 steps
    [ce_ais] chain 2/250 task 5/5 failed: 360 steps
    [ce_ais] chain 3/250 start: ['move_slider_right', 'open_drawer', 'rotate_pink_block_right', 'lift_pink_block_table', 'place_in_slider']
    [ce_ais] chain 3/250 task 1/5 success: 62 steps
    [ce_ais] chain 3/250 task 2/5 success: 72 steps
    [ce_ais] chain 3/250 task 3/5 success: 138 steps
    [ce_ais] chain 3/250 task 4/5 success: 23 steps
    [ce_ais] chain 3/250 task 5/5 success: 66 steps
    [ce_ais] chain 4/250 start: ['open_drawer', 'push_blue_block_right', 'move_slider_right', 'turn_off_led', 'lift_red_block_slider']
    [ce_ais] chain 4/250 task 1/5 success: 58 steps
    [ce_ais] chain 4/250 task 2/5 success: 134 steps
    [ce_ais] chain 4/250 task 3/5 success: 91 steps
    [ce_ais] chain 4/250 task 4/5 success: 59 steps
    [ce_ais] chain 4/250 task 5/5 success: 66 steps
    [ce_ais] chain 5/250 start: ['turn_on_lightbulb', 'close_drawer', 'rotate_pink_block_right', 'lift_red_block_slider', 'place_in_slider']
    [ce_ais] chain 5/250 task 1/5 success: 47 steps
    [ce_ais] chain 5/250 task 2/5 success: 86 steps
    [ce_ais] chain 5/250 task 3/5 success: 114 steps
    [ce_ais] chain 5/250 task 4/5 success: 82 steps
    [ce_ais] chain 5/250 task 5/5 success: 6 steps
    [ce_ais] chain 6/250 start: ['turn_on_led', 'move_slider_right', 'open_drawer', 'push_pink_block_left', 'lift_pink_block_table']
    [ce_ais] chain 6/250 task 1/5 success: 39 steps
    [ce_ais] chain 6/250 task 2/5 success: 61 steps
    [ce_ais] chain 6/250 task 3/5 success: 70 steps
    [ce_ais] chain 6/250 task 4/5 success: 100 steps
    [ce_ais] chain 6/250 task 5/5 success: 39 steps
    [ce_ais] chain 7/250 start: ['move_slider_left', 'lift_red_block_slider', 'place_in_drawer', 'rotate_blue_block_left', 'lift_red_block_drawer']
    [ce_ais] chain 7/250 task 1/5 success: 54 steps
    [ce_ais] chain 7/250 task 2/5 success: 175 steps
    [ce_ais] chain 7/250 task 3/5 success: 42 steps
    [ce_ais] chain 7/250 task 4/5 success: 93 steps
    [ce_ais] chain 7/250 task 5/5 success: 68 steps
    [ce_ais] chain 8/250 start: ['turn_off_led', 'close_drawer', 'rotate_pink_block_left', 'move_slider_left', 'lift_pink_block_table']
    [ce_ais] chain 8/250 task 1/5 success: 35 steps
    [ce_ais] chain 8/250 task 2/5 success: 74 steps
    [ce_ais] chain 8/250 task 3/5 success: 125 steps
    [ce_ais] chain 8/250 task 4/5 success: 69 steps
    [ce_ais] chain 8/250 task 5/5 success: 165 steps
    [ce_ais] chain 9/250 start: ['move_slider_left', 'push_into_drawer', 'lift_blue_block_slider', 'place_in_drawer', 'close_drawer']
    [ce_ais] chain 9/250 task 1/5 success: 84 steps
    [ce_ais] chain 9/250 task 2/5 success: 75 steps
    [ce_ais] chain 9/250 task 3/5 success: 162 steps
    [ce_ais] chain 9/250 task 4/5 success: 44 steps
    [ce_ais] chain 9/250 task 5/5 success: 60 steps
    [ce_ais] chain 10/250 start: ['rotate_pink_block_right', 'turn_off_lightbulb', 'lift_pink_block_table', 'place_in_slider', 'lift_red_block_slider']
    [ce_ais] chain 10/250 task 1/5 success: 65 steps
    [ce_ais] chain 10/250 task 2/5 success: 68 steps
    [ce_ais] chain 10/250 task 3/5 success: 81 steps
    [ce_ais] chain 10/250 task 4/5 failed: 360 steps
    [ce_ais] 10/250 chains, L1 success: 100.0%
    [ce_ais] chain 11/250 start: ['push_red_block_right', 'turn_off_led', 'lift_red_block_table', 'place_in_drawer', 'lift_red_block_drawer']
    [ce_ais] chain 11/250 task 1/5 success: 158 steps
    [ce_ais] chain 11/250 task 2/5 success: 58 steps
    [ce_ais] chain 11/250 task 3/5 success: 68 steps
    [ce_ais] chain 11/250 task 4/5 success: 34 steps
    [ce_ais] chain 11/250 task 5/5 success: 13 steps
    [ce_ais] chain 12/250 start: ['move_slider_right', 'push_red_block_left', 'turn_off_lightbulb', 'lift_blue_block_slider', 'place_in_drawer']
    [ce_ais] chain 12/250 task 1/5 success: 65 steps
    [ce_ais] chain 12/250 task 2/5 success: 84 steps
    [ce_ais] chain 12/250 task 3/5 success: 50 steps
    [ce_ais] chain 12/250 task 4/5 success: 99 steps
    [ce_ais] chain 12/250 task 5/5 success: 52 steps
    [ce_ais] chain 13/250 start: ['rotate_red_block_right', 'lift_blue_block_table', 'place_in_drawer', 'turn_off_led', 'move_slider_right']
    [ce_ais] chain 13/250 task 1/5 success: 83 steps
    [ce_ais] chain 13/250 task 2/5 success: 110 steps
    [ce_ais] chain 13/250 task 3/5 success: 32 steps
    [ce_ais] chain 13/250 task 4/5 success: 52 steps
    [ce_ais] chain 13/250 task 5/5 success: 61 steps
    [ce_ais] chain 14/250 start: ['turn_off_led', 'close_drawer', 'lift_pink_block_slider', 'place_in_slider', 'push_red_block_left']
    [ce_ais] chain 14/250 task 1/5 success: 38 steps
    [ce_ais] chain 14/250 task 2/5 success: 72 steps
    [ce_ais] chain 14/250 task 3/5 success: 86 steps
    [ce_ais] chain 14/250 task 4/5 success: 14 steps
    [ce_ais] chain 14/250 task 5/5 success: 83 steps
    [ce_ais] chain 15/250 start: ['move_slider_right', 'rotate_blue_block_left', 'lift_pink_block_slider', 'place_in_slider', 'lift_blue_block_table']
    [ce_ais] chain 15/250 task 1/5 success: 69 steps
    [ce_ais] chain 15/250 task 2/5 success: 92 steps
    [ce_ais] chain 15/250 task 3/5 success: 78 steps
    [ce_ais] chain 15/250 task 4/5 success: 10 steps
    [ce_ais] chain 15/250 task 5/5 success: 66 steps
    [ce_ais] chain 16/250 start: ['turn_off_led', 'lift_blue_block_slider', 'place_in_slider', 'close_drawer', 'rotate_red_block_left']
    [ce_ais] chain 16/250 task 1/5 success: 34 steps
    [ce_ais] chain 16/250 task 2/5 success: 67 steps
    [ce_ais] chain 16/250 task 3/5 success: 16 steps
    [ce_ais] chain 16/250 task 4/5 success: 80 steps
    [ce_ais] chain 16/250 task 5/5 success: 124 steps
    [ce_ais] chain 17/250 start: ['turn_on_led', 'push_into_drawer', 'close_drawer', 'lift_blue_block_slider', 'place_in_slider']
    [ce_ais] chain 17/250 task 1/5 success: 33 steps
    [ce_ais] chain 17/250 task 2/5 success: 90 steps
    [ce_ais] chain 17/250 task 3/5 success: 69 steps
    [ce_ais] chain 17/250 task 4/5 success: 84 steps
    [ce_ais] chain 17/250 task 5/5 success: 17 steps
    [ce_ais] chain 18/250 start: ['rotate_pink_block_left', 'open_drawer', 'move_slider_left', 'push_into_drawer', 'turn_on_led']
    [ce_ais] chain 18/250 task 1/5 success: 93 steps
    [ce_ais] chain 18/250 task 2/5 success: 77 steps
    [ce_ais] chain 18/250 task 3/5 success: 87 steps
    [ce_ais] chain 18/250 task 4/5 success: 72 steps
    [ce_ais] chain 18/250 task 5/5 success: 57 steps
    [ce_ais] chain 19/250 start: ['move_slider_left', 'open_drawer', 'turn_on_lightbulb', 'rotate_red_block_right', 'lift_pink_block_table']
    [ce_ais] chain 19/250 task 1/5 success: 50 steps
    [ce_ais] chain 19/250 task 2/5 success: 77 steps
    [ce_ais] chain 19/250 task 3/5 success: 78 steps
    [ce_ais] chain 19/250 task 4/5 success: 114 steps
    [ce_ais] chain 19/250 task 5/5 success: 67 steps
    [ce_ais] chain 20/250 start: ['rotate_pink_block_left', 'lift_blue_block_slider', 'place_in_drawer', 'turn_off_lightbulb', 'lift_pink_block_table']
    [ce_ais] chain 20/250 task 1/5 success: 63 steps
    [ce_ais] chain 20/250 task 2/5 success: 93 steps
    [ce_ais] chain 20/250 task 3/5 success: 53 steps
    [ce_ais] chain 20/250 task 4/5 success: 70 steps
    [ce_ais] chain 20/250 task 5/5 failed: 360 steps
    [ce_ais] 20/250 chains, L1 success: 100.0%
    [ce_ais] chain 21/250 start: ['lift_blue_block_table', 'place_in_drawer', 'push_red_block_right', 'move_slider_right', 'turn_on_lightbulb']
    [ce_ais] chain 21/250 task 1/5 success: 39 steps
    [ce_ais] chain 21/250 task 2/5 success: 30 steps
    [ce_ais] chain 21/250 task 3/5 success: 172 steps
    [ce_ais] chain 21/250 task 4/5 success: 91 steps
    [ce_ais] chain 21/250 task 5/5 success: 68 steps
    [ce_ais] chain 22/250 start: ['lift_blue_block_table', 'place_in_slider', 'close_drawer', 'move_slider_right', 'lift_blue_block_slider']
    [ce_ais] chain 22/250 task 1/5 success: 42 steps
    [ce_ais] chain 22/250 task 2/5 success: 39 steps
    [ce_ais] chain 22/250 task 3/5 success: 92 steps
    [ce_ais] chain 22/250 task 4/5 success: 92 steps
    [ce_ais] chain 22/250 task 5/5 failed: 360 steps
    [ce_ais] chain 23/250 start: ['push_blue_block_right', 'turn_on_led', 'lift_red_block_slider', 'place_in_drawer', 'lift_blue_block_table']
    [ce_ais] chain 23/250 task 1/5 success: 77 steps
    [ce_ais] chain 23/250 task 2/5 success: 55 steps
    [ce_ais] chain 23/250 task 3/5 success: 73 steps
    [ce_ais] chain 23/250 task 4/5 success: 57 steps
    [ce_ais] chain 23/250 task 5/5 success: 62 steps
    [ce_ais] chain 24/250 start: ['lift_pink_block_slider', 'place_in_slider', 'close_drawer', 'rotate_red_block_left', 'lift_red_block_table']
    [ce_ais] chain 24/250 task 1/5 success: 61 steps
    [ce_ais] chain 24/250 task 2/5 success: 9 steps
    [ce_ais] chain 24/250 task 3/5 success: 78 steps
    [ce_ais] chain 24/250 task 4/5 success: 101 steps
    [ce_ais] chain 24/250 task 5/5 success: 82 steps
    [ce_ais] chain 25/250 start: ['turn_on_lightbulb', 'push_blue_block_right', 'lift_blue_block_table', 'place_in_drawer', 'close_drawer']
    [ce_ais] chain 25/250 task 1/5 success: 46 steps
    [ce_ais] chain 25/250 task 2/5 success: 73 steps
    [ce_ais] chain 25/250 task 3/5 success: 50 steps
    [ce_ais] chain 25/250 task 4/5 success: 30 steps
    [ce_ais] chain 25/250 task 5/5 success: 62 steps
    [ce_ais] chain 26/250 start: ['open_drawer', 'move_slider_right', 'turn_on_led', 'push_into_drawer', 'lift_pink_block_slider']
    [ce_ais] chain 26/250 task 1/5 success: 54 steps
    [ce_ais] chain 26/250 task 2/5 success: 95 steps
    [ce_ais] chain 26/250 task 3/5 success: 52 steps
    [ce_ais] chain 26/250 task 4/5 success: 73 steps
    [ce_ais] chain 26/250 task 5/5 success: 98 steps
    [ce_ais] chain 27/250 start: ['turn_on_led', 'open_drawer', 'move_slider_right', 'lift_blue_block_table', 'place_in_slider']
    [ce_ais] chain 27/250 task 1/5 success: 37 steps
    [ce_ais] chain 27/250 task 2/5 success: 71 steps
    [ce_ais] chain 27/250 task 3/5 success: 162 steps
    [ce_ais] chain 27/250 task 4/5 success: 62 steps
    [ce_ais] chain 27/250 task 5/5 failed: 360 steps
    [ce_ais] chain 28/250 start: ['open_drawer', 'move_slider_right', 'rotate_blue_block_right', 'turn_off_lightbulb', 'lift_pink_block_slider']
    [ce_ais] chain 28/250 task 1/5 success: 59 steps
    [ce_ais] chain 28/250 task 2/5 success: 93 steps
    [ce_ais] chain 28/250 task 3/5 success: 101 steps
    [ce_ais] chain 28/250 task 4/5 success: 53 steps
    [ce_ais] chain 28/250 task 5/5 success: 89 steps
    [ce_ais] chain 29/250 start: ['move_slider_left', 'rotate_blue_block_left', 'open_drawer', 'turn_on_lightbulb', 'lift_pink_block_table']
    [ce_ais] chain 29/250 task 1/5 success: 84 steps
    [ce_ais] chain 29/250 task 2/5 success: 95 steps
    [ce_ais] chain 29/250 task 3/5 success: 73 steps
    [ce_ais] chain 29/250 task 4/5 success: 80 steps
    [ce_ais] chain 29/250 task 5/5 success: 43 steps
    [ce_ais] chain 30/250 start: ['move_slider_right', 'lift_red_block_slider', 'place_in_slider', 'turn_on_lightbulb', 'lift_blue_block_table']
    [ce_ais] chain 30/250 task 1/5 success: 59 steps
    [ce_ais] chain 30/250 task 2/5 success: 86 steps
    [ce_ais] chain 30/250 task 3/5 success: 16 steps
    [ce_ais] chain 30/250 task 4/5 success: 71 steps
    [ce_ais] chain 30/250 task 5/5 success: 60 steps
    [ce_ais] 30/250 chains, L1 success: 100.0%
    [ce_ais] chain 31/250 start: ['lift_blue_block_table', 'place_in_slider', 'push_pink_block_left', 'turn_off_lightbulb', 'move_slider_right']
    [ce_ais] chain 31/250 task 1/5 success: 77 steps
    [ce_ais] chain 31/250 task 2/5 success: 38 steps
    [ce_ais] chain 31/250 task 3/5 success: 77 steps
    [ce_ais] chain 31/250 task 4/5 success: 64 steps
    [ce_ais] chain 31/250 task 5/5 success: 81 steps
    [ce_ais] chain 32/250 start: ['close_drawer', 'rotate_pink_block_left', 'turn_off_led', 'move_slider_left', 'lift_blue_block_slider']
    [ce_ais] chain 32/250 task 1/5 success: 60 steps
    [ce_ais] chain 32/250 task 2/5 success: 102 steps
    [ce_ais] chain 32/250 task 3/5 success: 46 steps
    [ce_ais] chain 32/250 task 4/5 success: 63 steps
    [ce_ais] chain 32/250 task 5/5 success: 156 steps
    [ce_ais] chain 33/250 start: ['rotate_pink_block_right', 'turn_off_led', 'open_drawer', 'lift_blue_block_slider', 'place_in_slider']
    [ce_ais] chain 33/250 task 1/5 success: 86 steps
    [ce_ais] chain 33/250 task 2/5 success: 48 steps
    [ce_ais] chain 33/250 task 3/5 success: 73 steps
    [ce_ais] chain 33/250 task 4/5 success: 100 steps
    [ce_ais] chain 33/250 task 5/5 success: 7 steps
    [ce_ais] chain 34/250 start: ['turn_off_lightbulb', 'move_slider_right', 'rotate_pink_block_right', 'lift_red_block_slider', 'place_in_slider']
    [ce_ais] chain 34/250 task 1/5 success: 52 steps
    [ce_ais] chain 34/250 task 2/5 success: 76 steps
    [ce_ais] chain 34/250 task 3/5 success: 143 steps
    [ce_ais] chain 34/250 task 4/5 success: 84 steps
    [ce_ais] chain 34/250 task 5/5 success: 10 steps
    [ce_ais] chain 35/250 start: ['push_red_block_left', 'move_slider_left', 'open_drawer', 'lift_red_block_table', 'stack_block']
    [ce_ais] chain 35/250 task 1/5 success: 88 steps
    [ce_ais] chain 35/250 task 2/5 success: 59 steps
    [ce_ais] chain 35/250 task 3/5 success: 79 steps
    [ce_ais] chain 35/250 task 4/5 success: 93 steps
    [ce_ais] chain 35/250 task 5/5 success: 44 steps
    [ce_ais] chain 36/250 start: ['lift_pink_block_slider', 'place_in_slider', 'move_slider_left', 'open_drawer', 'push_blue_block_right']
    [ce_ais] chain 36/250 task 1/5 success: 72 steps
    [ce_ais] chain 36/250 task 2/5 success: 24 steps
    [ce_ais] chain 36/250 task 3/5 success: 115 steps
    [ce_ais] chain 36/250 task 4/5 success: 76 steps
    [ce_ais] chain 36/250 task 5/5 success: 91 steps
    [ce_ais] chain 37/250 start: ['turn_on_led', 'rotate_blue_block_right', 'lift_blue_block_table', 'place_in_drawer', 'lift_blue_block_drawer']
    [ce_ais] chain 37/250 task 1/5 success: 38 steps
    [ce_ais] chain 37/250 task 2/5 success: 97 steps
    [ce_ais] chain 37/250 task 3/5 success: 117 steps
    [ce_ais] chain 37/250 task 4/5 success: 34 steps
    [ce_ais] chain 37/250 task 5/5 success: 51 steps
    [ce_ais] chain 38/250 start: ['lift_red_block_slider', 'place_in_slider', 'open_drawer', 'turn_on_led', 'push_blue_block_right']
    [ce_ais] chain 38/250 task 1/5 success: 64 steps
    [ce_ais] chain 38/250 task 2/5 success: 15 steps
    [ce_ais] chain 38/250 task 3/5 success: 73 steps
    [ce_ais] chain 38/250 task 4/5 success: 66 steps
    [ce_ais] chain 38/250 task 5/5 success: 66 steps
    [ce_ais] chain 39/250 start: ['lift_blue_block_slider', 'place_in_slider', 'rotate_pink_block_right', 'close_drawer', 'turn_on_lightbulb']
    [ce_ais] chain 39/250 task 1/5 success: 71 steps
    [ce_ais] chain 39/250 task 2/5 success: 9 steps
