/data0/yejinxuan/ce-ais/.venv/lib/python3.12/site-packages/hydra/_internal/defaults_list.py:251: UserWarning: In 'config_data_collection': Defaults list is missing `_self_`. See https://hydra.cc/docs/1.2/upgrades/1.0_to_1.1/default_composition_order for more information
  warnings.warn(msg, UserWarning)
/data0/yejinxuan/ce-ais/.venv/lib/python3.12/site-packages/hydra/core/default_element.py:124: UserWarning: In 'vr_input/vr_controller/vive': Usage of deprecated keyword in package header '# @package _group_'.
See https://hydra.cc/docs/1.2/upgrades/1.0_to_1.1/changes_to_package_header for more information
  deprecation_warning(
Gym has been unmaintained since 2022 and does not support NumPy 2.0 amongst other critical functionality.
Please upgrade to Gymnasium, the maintained drop-in replacement of Gym, or contact the authors of your software and request that they upgrade.
Users of this version of Gym should be able to simply replace 'import gym' with 'import gymnasium as gym' in the vast majority of cases.
See the migration guide at https://gymnasium.farama.org/introduction/migration_guide/ for additional information.
pybullet build time: Oct 21 2025 10:07:17
/data0/yejinxuan/workspace/calvin/calvin_env/calvin_env/envs/play_table_env.py:292: UserWarning: 
The version_base parameter is not specified.
Please specify a compatability version level, or None.
Will assume defaults for version 1.1
  @hydra.main(config_path="../../conf", config_name="config_data_collection")
/data0/yejinxuan/ce-ais/.venv/lib/python3.12/site-packages/lightning_lite/__init__.py:29: UserWarning: pkg_resources is deprecated as an API. See https://setuptools.pypa.io/en/latest/pkg_resources.html. The pkg_resources package is slated for removal as early as 2025-11-30. Refrain from using this package or pin to Setuptools<81.
  __import__("pkg_resources").declare_namespace(__name__)
/data0/yejinxuan/ce-ais/.venv/lib/python3.12/site-packages/lightning_lite/utilities/cloud_io.py:48: FutureWarning: You are using `torch.load` with `weights_only=False` (the current default value), which uses the default pickle module implicitly. It is possible to construct malicious pickle data which will execute arbitrary code during unpickling (See https://github.com/pytorch/pytorch/blob/main/SECURITY.md#untrusted-models for more details). In a future release, the default value for `weights_only` will be flipped to `True`. This limits the functions that could be executed during unpickling. Arbitrary objects will no longer be allowed to be loaded via this mode unless they are explicitly allowlisted by the user via `torch.serialization.add_safe_globals`. We recommend you start setting `weights_only=True` for any use case where you don't have full control of the loaded file. Please open an issue on GitHub for any issues related to this experimental feature.
  return torch.load(f, map_location=map_location)
[INFO] Ignoring CUDA_VISIBLE_DEVICES=4,5,6,7; --device cuda:0 selects the physical GPU index.
======================================================================
CE-AIS Paper Main Experiments
Methods: ['frozen_calvin_policy']
Chains: 1 x 1
Device: cuda:0 (requested=cuda:0, visible=None)
EGL: disabled (EGL_VISIBLE_DEVICES=None)
======================================================================

[1] Initializing CALVIN environment...
  Available tasks: 34
  Sequence source: official

[Eval] Running: frozen_calvin_policy
trying to load lang data from:  /data0/yejinxuan/ce-ais/data/task_ABC_D/training/lang_annotations/auto_lang_ann.npy
trying to load lang data from:  /data0/yejinxuan/ce-ais/data/task_ABC_D/validation/lang_annotations/auto_lang_ann.npy
    [frozen_calvin_policy] chain 1/1 start: ['rotate_pink_block_left']
    [frozen_calvin_policy] chain 1/1 instructions: ['take the pink block and rotate it to the left']
    [frozen_calvin_policy] chain 1/1 task 1/1 start: rotate_pink_block_left | instruction: take the pink block and rotate it to the left
    [frozen_calvin_policy] chain 1/1 task 1/1 step 1/5: running policy
    [frozen_calvin_policy] chain 1/1 task 1/1 step 1/5: policy 0.55s, stepping env
    [frozen_calvin_policy] chain 1/1 task 1/1 step 2/5: running policy
    [frozen_calvin_policy] chain 1/1 task 1/1 step 2/5: policy 0.05s, stepping env
    [frozen_calvin_policy] chain 1/1 task 1/1 step 3/5: running policy
    [frozen_calvin_policy] chain 1/1 task 1/1 step 3/5: policy 0.05s, stepping env
    [frozen_calvin_policy] chain 1/1 task 1/1 step 4/5: running policy
    [frozen_calvin_policy] chain 1/1 task 1/1 step 4/5: policy 0.05s, stepping env
    [frozen_calvin_policy] chain 1/1 task 1/1 step 5/5: running policy
    [frozen_calvin_policy] chain 1/1 task 1/1 step 5/5: policy 0.05s, stepping env
    [frozen_calvin_policy] chain 1/1 task 1/1 failed: 5 steps, 1.5s
  [frozen_calvin_policy] L1=0.0%, L3=0.0%, L5=0.0%, latency=328.6ms

Results saved: /data0/yejinxuan/ce-ais/results/main_experiment.json

======================================================================
Method                     L1       L2       L3       L4       L5  Lat(ms)
----------------------------------------------------------------------
frozen_calvin_policy    0.0%    0.0%    0.0%    0.0%    0.0%   328.6
======================================================================
disconnecting id 0 from server
disconnecting id -1 from server
argv[0]=
