======================================================================
CE-AIS Paper Main Experiments
Methods: ['frozen_flower']
Chains: 50 x 5
Device: cuda:0 (requested=cuda:0, visible=None)
EGL: enabled (EGL_VISIBLE_DEVICES=0)
======================================================================

[1] Initializing CALVIN environment...
Gym has been unmaintained since 2022 and does not support NumPy 2.0 amongst other critical functionality.
Please upgrade to Gymnasium, the maintained drop-in replacement of Gym, or contact the authors of your software and request that they upgrade.
Users of this version of Gym should be able to simply replace 'import gym' with 'import gymnasium as gym' in the vast majority of cases.
See the migration guide at https://gymnasium.farama.org/introduction/migration_guide/ for additional information.
pybullet build time: Oct 21 2025 10:07:17
/data0/yejinxuan/workspace/calvin/calvin_env/calvin_env/envs/play_table_env.py:289: UserWarning: 
The version_base parameter is not specified.
Please specify a compatability version level, or None.
Will assume defaults for version 1.1
  @hydra.main(config_path="../../conf", config_name="config_data_collection")
/data0/yejinxuan/workspace/calvin/calvin_env/calvin_env/envs/play_table_env.py:284: UserWarning: 
The version_base parameter is not specified.
Please specify a compatability version level, or None.
Will assume defaults for version 1.1
  hydra.initialize(".")
argv[0]=--width=200
argv[1]=--height=200
EGL device choice: 0 of 17 (from EGL_VISIBLE_DEVICES)
Loaded EGL 1.5 after reload.
GL_VENDOR=NVIDIA Corporation
GL_RENDERER=NVIDIA A100-SXM4-80GB/PCIe/SSE2
GL_VERSION=3.3.0 NVIDIA 595.71.05
GL_SHADING_LANGUAGE_VERSION=3.30 NVIDIA via Cg compiler
Version = 3.3.0 NVIDIA 595.71.05
Vendor = NVIDIA Corporation
Renderer = NVIDIA A100-SXM4-80GB/PCIe/SSE2
  Available tasks: 34
/data0/yejinxuan/ce-ais/.venv/lib/python3.12/site-packages/lightning_lite/__init__.py:29: UserWarning: pkg_resources is deprecated as an API. See https://setuptools.pypa.io/en/latest/pkg_resources.html. The pkg_resources package is slated for removal as early as 2025-11-30. Refrain from using this package or pin to Setuptools<81.
  __import__("pkg_resources").declare_namespace(__name__)
  Sequence source: flower_official

[Eval] Running: frozen_flower
Loading Florence-2 from /data0/yejinxuan/hf_cache/hub/Florence-2-large
The new embeddings will be initialized from a multivariate normal distribution that has old embeddings' mean and covariance. As described in this article: https://nlp.stanford.edu/~johnhew/vocab-expansion.html. To disable this, use `mean_resizing=False`
Loading pretrained weights from /data0/yejinxuan/ce-ais/data/flower_calvin_abc/model.safetensors...
Loaded safetensors file
Pretrained weights loaded with the following issues:
  ⚠️ Missing keys (not found in checkpoint, using default init): 2
    ['vlm.language_model.final_logits_bias', 'vlm.language_model.model.shared.weight'] ...
  ⚠️ Unexpected keys (ignored): 2
    ['vlm.language_final_logits_bias', 'vlm.language_shared.weight'] ...
    [frozen_flower] chain 1/50 start: ['rotate_blue_block_right', 'move_slider_right', 'lift_red_block_slider', 'place_in_slider', 'turn_off_lightbulb']
ven = NVIDIA Corporation
ven = NVIDIA Corporation
    [frozen_flower] chain 1/50 task 1/5 success: 84 steps, 3.1s
    [frozen_flower] chain 1/50 task 2/5 success: 75 steps, 2.5s
    [frozen_flower] chain 1/50 task 3/5 success: 82 steps, 2.8s
    [frozen_flower] chain 1/50 task 4/5 success: 10 steps, 0.4s
    [frozen_flower] chain 1/50 task 5/5 success: 71 steps, 3.0s
    [frozen_flower] chain 2/50 start: ['turn_off_led', 'push_into_drawer', 'lift_blue_block_drawer', 'place_in_slider', 'close_drawer']
    [frozen_flower] chain 2/50 task 1/5 success: 44 steps, 1.8s
    [frozen_flower] chain 2/50 task 2/5 success: 86 steps, 3.3s
    [frozen_flower] chain 2/50 task 3/5 success: 52 steps, 2.2s
    [frozen_flower] chain 2/50 task 4/5 success: 72 steps, 2.9s
    [frozen_flower] chain 2/50 task 5/5 success: 89 steps, 3.4s
    [frozen_flower] chain 3/50 start: ['lift_pink_block_slider', 'place_in_slider', 'open_drawer', 'rotate_red_block_right', 'lift_red_block_table']
    [frozen_flower] chain 3/50 task 1/5 success: 71 steps, 2.8s
    [frozen_flower] chain 3/50 task 2/5 success: 11 steps, 0.6s
    [frozen_flower] chain 3/50 task 3/5 success: 73 steps, 2.8s
    [frozen_flower] chain 3/50 task 4/5 success: 105 steps, 3.9s
    [frozen_flower] chain 3/50 task 5/5 success: 136 steps, 5.1s
    [frozen_flower] chain 4/50 start: ['rotate_blue_block_right', 'lift_pink_block_table', 'place_in_slider', 'move_slider_left', 'open_drawer']
    [frozen_flower] chain 4/50 task 1/5 success: 83 steps, 3.5s
    [frozen_flower] chain 4/50 task 2/5 success: 65 steps, 2.6s
    [frozen_flower] chain 4/50 task 3/5 success: 40 steps, 1.4s
    [frozen_flower] chain 4/50 task 4/5 success: 105 steps, 3.4s
    [frozen_flower] chain 4/50 task 5/5 success: 87 steps, 3.2s
    [frozen_flower] chain 5/50 start: ['open_drawer', 'lift_pink_block_table', 'place_in_slider', 'turn_on_lightbulb', 'rotate_blue_block_left']
    [frozen_flower] chain 5/50 task 1/5 success: 54 steps, 2.1s
    [frozen_flower] chain 5/50 task 2/5 success: 64 steps, 2.4s
    [frozen_flower] chain 5/50 task 3/5 success: 28 steps, 1.1s
    [frozen_flower] chain 5/50 task 4/5 success: 61 steps, 2.1s
    [frozen_flower] chain 5/50 task 5/5 success: 74 steps, 2.5s
    [frozen_flower] chain 6/50 start: ['push_blue_block_left', 'close_drawer', 'lift_red_block_slider', 'place_in_slider', 'turn_off_lightbulb']
    [frozen_flower] chain 6/50 task 1/5 success: 66 steps, 2.1s
    [frozen_flower] chain 6/50 task 2/5 success: 68 steps, 2.4s
    [frozen_flower] chain 6/50 task 3/5 success: 84 steps, 3.2s
    [frozen_flower] chain 6/50 task 4/5 success: 6 steps, 0.3s
    [frozen_flower] chain 6/50 task 5/5 success: 51 steps, 1.9s
    [frozen_flower] chain 7/50 start: ['open_drawer', 'rotate_red_block_right', 'turn_on_led', 'lift_pink_block_table', 'stack_block']
    [frozen_flower] chain 7/50 task 1/5 success: 53 steps, 1.8s
    [frozen_flower] chain 7/50 task 2/5 success: 95 steps, 3.7s
    [frozen_flower] chain 7/50 task 3/5 success: 51 steps, 2.0s
    [frozen_flower] chain 7/50 task 4/5 success: 56 steps, 1.9s
    [frozen_flower] chain 7/50 task 5/5 success: 31 steps, 1.2s
    [frozen_flower] chain 8/50 start: ['push_pink_block_right', 'lift_pink_block_table', 'place_in_slider', 'push_into_drawer', 'close_drawer']
    [frozen_flower] chain 8/50 task 1/5 success: 126 steps, 4.1s
    [frozen_flower] chain 8/50 task 2/5 success: 50 steps, 1.8s
    [frozen_flower] chain 8/50 task 3/5 success: 34 steps, 1.4s
    [frozen_flower] chain 8/50 task 4/5 success: 55 steps, 2.2s
    [frozen_flower] chain 8/50 task 5/5 success: 62 steps, 2.4s
    [frozen_flower] chain 9/50 start: ['open_drawer', 'push_red_block_right', 'move_slider_left', 'lift_pink_block_slider', 'place_in_slider']
    [frozen_flower] chain 9/50 task 1/5 success: 60 steps, 1.9s
    [frozen_flower] chain 9/50 task 2/5 success: 302 steps, 10.4s
    [frozen_flower] chain 9/50 task 3/5 success: 114 steps, 4.6s
    [frozen_flower] chain 9/50 task 4/5 success: 235 steps, 7.8s
    [frozen_flower] chain 9/50 task 5/5 success: 10 steps, 0.3s
    [frozen_flower] chain 10/50 start: ['push_red_block_left', 'lift_blue_block_table', 'place_in_slider', 'turn_on_lightbulb', 'move_slider_right']
    [frozen_flower] chain 10/50 task 1/5 failed: 360 steps, 11.6s
    [frozen_flower] 10/50 chains, L1 success: 90.0%
    [frozen_flower] chain 11/50 start: ['rotate_blue_block_left', 'lift_blue_block_table', 'place_in_drawer', 'move_slider_right', 'turn_off_lightbulb']
    [frozen_flower] chain 11/50 task 1/5 success: 78 steps, 2.8s
    [frozen_flower] chain 11/50 task 2/5 success: 86 steps, 3.3s
    [frozen_flower] chain 11/50 task 3/5 success: 31 steps, 1.5s
    [frozen_flower] chain 11/50 task 4/5 success: 80 steps, 2.5s
    [frozen_flower] chain 11/50 task 5/5 success: 64 steps, 2.1s
    [frozen_flower] chain 12/50 start: ['lift_pink_block_slider', 'place_in_slider', 'turn_on_lightbulb', 'rotate_blue_block_right', 'open_drawer']
    [frozen_flower] chain 12/50 task 1/5 success: 61 steps, 2.0s
    [frozen_flower] chain 12/50 task 2/5 success: 11 steps, 0.5s
    [frozen_flower] chain 12/50 task 3/5 success: 77 steps, 2.5s
    [frozen_flower] chain 12/50 task 4/5 success: 104 steps, 3.5s
    [frozen_flower] chain 12/50 task 5/5 success: 76 steps, 2.7s
    [frozen_flower] chain 13/50 start: ['move_slider_left', 'rotate_red_block_left', 'turn_off_led', 'lift_pink_block_table', 'place_in_slider']
    [frozen_flower] chain 13/50 task 1/5 success: 56 steps, 2.2s
    [frozen_flower] chain 13/50 task 2/5 success: 104 steps, 4.0s
    [frozen_flower] chain 13/50 task 3/5 success: 56 steps, 1.8s
    [frozen_flower] chain 13/50 task 4/5 success: 58 steps, 1.9s
    [frozen_flower] chain 13/50 task 5/5 success: 37 steps, 1.2s
    [frozen_flower] chain 14/50 start: ['turn_on_led', 'close_drawer', 'push_red_block_right', 'lift_red_block_table', 'place_in_slider']
    [frozen_flower] chain 14/50 task 1/5 success: 41 steps, 1.5s
    [frozen_flower] chain 14/50 task 2/5 success: 75 steps, 2.5s
    [frozen_flower] chain 14/50 task 3/5 success: 245 steps, 8.2s
    [frozen_flower] chain 14/50 task 4/5 success: 45 steps, 1.8s
    [frozen_flower] chain 14/50 task 5/5 success: 78 steps, 3.0s
    [frozen_flower] chain 15/50 start: ['lift_red_block_slider', 'stack_block', 'move_slider_left', 'turn_off_led', 'open_drawer']
    [frozen_flower] chain 15/50 task 1/5 success: 68 steps, 2.1s
    [frozen_flower] chain 15/50 task 2/5 success: 55 steps, 1.8s
    [frozen_flower] chain 15/50 task 3/5 success: 55 steps, 1.9s
    [frozen_flower] chain 15/50 task 4/5 success: 41 steps, 1.5s
    [frozen_flower] chain 15/50 task 5/5 success: 72 steps, 2.5s
    [frozen_flower] chain 16/50 start: ['move_slider_left', 'push_pink_block_left', 'open_drawer', 'turn_on_lightbulb', 'lift_blue_block_table']
    [frozen_flower] chain 16/50 task 1/5 success: 52 steps, 1.8s
    [frozen_flower] chain 16/50 task 2/5 success: 78 steps, 2.5s
    [frozen_flower] chain 16/50 task 3/5 success: 70 steps, 2.4s
    [frozen_flower] chain 16/50 task 4/5 success: 79 steps, 2.6s
    [frozen_flower] chain 16/50 task 5/5 success: 68 steps, 2.3s
    [frozen_flower] chain 17/50 start: ['push_red_block_left', 'lift_pink_block_slider', 'stack_block', 'turn_off_led', 'open_drawer']
    [frozen_flower] chain 17/50 task 1/5 success: 64 steps, 2.2s
    [frozen_flower] chain 17/50 task 2/5 success: 56 steps, 1.9s
    [frozen_flower] chain 17/50 task 3/5 success: 26 steps, 1.0s
    [frozen_flower] chain 17/50 task 4/5 success: 39 steps, 1.3s
    [frozen_flower] chain 17/50 task 5/5 success: 69 steps, 2.3s
    [frozen_flower] chain 18/50 start: ['push_red_block_left', 'move_slider_right', 'lift_blue_block_slider', 'place_in_slider', 'turn_on_lightbulb']
    [frozen_flower] chain 18/50 task 1/5 success: 60 steps, 1.9s
    [frozen_flower] chain 18/50 task 2/5 success: 79 steps, 2.6s
    [frozen_flower] chain 18/50 task 3/5 success: 89 steps, 3.1s
    [frozen_flower] chain 18/50 task 4/5 success: 10 steps, 0.4s
    [frozen_flower] chain 18/50 task 5/5 success: 67 steps, 2.2s
    [frozen_flower] chain 19/50 start: ['turn_on_lightbulb', 'push_red_block_right', 'move_slider_left', 'lift_red_block_table', 'stack_block']
    [frozen_flower] chain 19/50 task 1/5 success: 52 steps, 2.0s
    [frozen_flower] chain 19/50 task 2/5 success: 73 steps, 2.5s
    [frozen_flower] chain 19/50 task 3/5 success: 53 steps, 1.9s
    [frozen_flower] chain 19/50 task 4/5 success: 62 steps, 2.2s
    [frozen_flower] chain 19/50 task 5/5 success: 28 steps, 0.9s
    [frozen_flower] chain 20/50 start: ['move_slider_left', 'lift_red_block_table', 'place_in_slider', 'turn_on_lightbulb', 'close_drawer']
    [frozen_flower] chain 20/50 task 1/5 success: 52 steps, 1.9s
    [frozen_flower] chain 20/50 task 2/5 success: 207 steps, 6.7s
    [frozen_flower] chain 20/50 task 3/5 success: 39 steps, 1.3s
    [frozen_flower] chain 20/50 task 4/5 success: 66 steps, 2.2s
    [frozen_flower] chain 20/50 task 5/5 success: 81 steps, 2.7s
    [frozen_flower] 20/50 chains, L1 success: 95.0%
    [frozen_flower] chain 21/50 start: ['open_drawer', 'turn_on_lightbulb', 'push_red_block_left', 'move_slider_left', 'push_into_drawer']
    [frozen_flower] chain 21/50 task 1/5 success: 61 steps, 2.1s
    [frozen_flower] chain 21/50 task 2/5 success: 79 steps, 2.6s
    [frozen_flower] chain 21/50 task 3/5 success: 58 steps, 2.2s
    [frozen_flower] chain 21/50 task 4/5 success: 61 steps, 2.5s
    [frozen_flower] chain 21/50 task 5/5 success: 70 steps, 2.6s
    [frozen_flower] chain 22/50 start: ['move_slider_right', 'turn_off_lightbulb', 'lift_pink_block_table', 'place_in_drawer', 'lift_pink_block_drawer']
    [frozen_flower] chain 22/50 task 1/5 success: 63 steps, 2.6s
    [frozen_flower] chain 22/50 task 2/5 failed: 360 steps, 11.7s
    [frozen_flower] chain 23/50 start: ['rotate_pink_block_right', 'open_drawer', 'lift_blue_block_table', 'place_in_slider', 'turn_off_lightbulb']
    [frozen_flower] chain 23/50 task 1/5 success: 82 steps, 2.9s
    [frozen_flower] chain 23/50 task 2/5 success: 84 steps, 3.0s
    [frozen_flower] chain 23/50 task 3/5 success: 71 steps, 2.8s
    [frozen_flower] chain 23/50 task 4/5 success: 47 steps, 1.9s
    [frozen_flower] chain 23/50 task 5/5 success: 81 steps, 2.8s
    [frozen_flower] chain 24/50 start: ['turn_on_led', 'move_slider_left', 'lift_blue_block_table', 'stack_block', 'unstack_block']
    [frozen_flower] chain 24/50 task 1/5 success: 40 steps, 1.3s
    [frozen_flower] chain 24/50 task 2/5 success: 58 steps, 1.9s
    [frozen_flower] chain 24/50 task 3/5 success: 56 steps, 1.8s
    [frozen_flower] chain 24/50 task 4/5 success: 40 steps, 1.3s
    [frozen_flower] chain 24/50 task 5/5 success: 11 steps, 0.5s
    [frozen_flower] chain 25/50 start: ['rotate_blue_block_right', 'open_drawer', 'turn_off_led', 'lift_blue_block_table', 'place_in_slider']
    [frozen_flower] chain 25/50 task 1/5 success: 122 steps, 4.9s
    [frozen_flower] chain 25/50 task 2/5 success: 80 steps, 2.7s
    [frozen_flower] chain 25/50 task 3/5 success: 65 steps, 2.1s
    [frozen_flower] chain 25/50 task 4/5 failed: 360 steps, 11.2s
    [frozen_flower] chain 26/50 start: ['lift_blue_block_slider', 'stack_block', 'turn_off_led', 'unstack_block', 'push_blue_block_left']
    [frozen_flower] chain 26/50 task 1/5 success: 68 steps, 2.2s
    [frozen_flower] chain 26/50 task 2/5 success: 57 steps, 2.1s
    [frozen_flower] chain 26/50 task 3/5 success: 42 steps, 1.7s
    [frozen_flower] chain 26/50 task 4/5 success: 81 steps, 2.7s
    [frozen_flower] chain 26/50 task 5/5 failed: 360 steps, 12.4s
    [frozen_flower] chain 27/50 start: ['push_blue_block_right', 'open_drawer', 'lift_pink_block_slider', 'place_in_slider', 'push_into_drawer']
    [frozen_flower] chain 27/50 task 1/5 success: 279 steps, 9.4s
    [frozen_flower] chain 27/50 task 2/5 success: 72 steps, 2.4s
    [frozen_flower] chain 27/50 task 3/5 success: 108 steps, 3.5s
    [frozen_flower] chain 27/50 task 4/5 success: 10 steps, 0.3s
    [frozen_flower] chain 27/50 task 5/5 success: 156 steps, 5.2s
    [frozen_flower] chain 28/50 start: ['push_red_block_right', 'turn_on_lightbulb', 'push_into_drawer', 'move_slider_left', 'close_drawer']
    [frozen_flower] chain 28/50 task 1/5 success: 44 steps, 1.7s
    [frozen_flower] chain 28/50 task 2/5 success: 66 steps, 2.4s
    [frozen_flower] chain 28/50 task 3/5 success: 112 steps, 3.8s
    [frozen_flower] chain 28/50 task 4/5 success: 73 steps, 2.5s
    [frozen_flower] chain 28/50 task 5/5 success: 76 steps, 2.5s
    [frozen_flower] chain 29/50 start: ['turn_off_lightbulb', 'rotate_blue_block_left', 'move_slider_left', 'open_drawer', 'lift_red_block_table']
    [frozen_flower] chain 29/50 task 1/5 success: 53 steps, 1.8s
    [frozen_flower] chain 29/50 task 2/5 success: 85 steps, 2.8s
    [frozen_flower] chain 29/50 task 3/5 success: 114 steps, 4.3s
    [frozen_flower] chain 29/50 task 4/5 success: 84 steps, 3.4s
    [frozen_flower] chain 29/50 task 5/5 success: 76 steps, 3.1s
    [frozen_flower] chain 30/50 start: ['lift_red_block_table', 'stack_block', 'unstack_block', 'open_drawer', 'turn_on_led']
    [frozen_flower] chain 30/50 task 1/5 failed: 360 steps, 12.1s
    [frozen_flower] 30/50 chains, L1 success: 93.3%
    [frozen_flower] chain 31/50 start: ['lift_blue_block_table', 'place_in_drawer', 'push_red_block_right', 'close_drawer', 'turn_off_led']
    [frozen_flower] chain 31/50 task 1/5 success: 35 steps, 1.2s
    [frozen_flower] chain 31/50 task 2/5 success: 37 steps, 1.2s
    [frozen_flower] chain 31/50 task 3/5 success: 63 steps, 2.1s
    [frozen_flower] chain 31/50 task 4/5 success: 83 steps, 2.8s
    [frozen_flower] chain 31/50 task 5/5 success: 66 steps, 2.1s
    [frozen_flower] chain 32/50 start: ['lift_pink_block_table', 'place_in_slider', 'push_into_drawer', 'close_drawer', 'turn_off_led']
    [frozen_flower] chain 32/50 task 1/5 success: 51 steps, 1.9s
    [frozen_flower] chain 32/50 task 2/5 success: 36 steps, 1.5s
    [frozen_flower] chain 32/50 task 3/5 success: 53 steps, 2.2s
    [frozen_flower] chain 32/50 task 4/5 success: 66 steps, 2.5s
    [frozen_flower] chain 32/50 task 5/5 success: 59 steps, 2.1s
    [frozen_flower] chain 33/50 start: ['rotate_pink_block_left', 'lift_pink_block_table', 'stack_block', 'unstack_block', 'turn_off_led']
    [frozen_flower] chain 33/50 task 1/5 success: 69 steps, 2.6s
    [frozen_flower] chain 33/50 task 2/5 success: 21 steps, 1.0s
    [frozen_flower] chain 33/50 task 3/5 success: 31 steps, 1.4s
    [frozen_flower] chain 33/50 task 4/5 success: 4 steps, 0.3s
    [frozen_flower] chain 33/50 task 5/5 success: 54 steps, 1.9s
    [frozen_flower] chain 34/50 start: ['turn_off_led', 'open_drawer', 'push_pink_block_left', 'lift_blue_block_table', 'place_in_slider']
    [frozen_flower] chain 34/50 task 1/5 success: 33 steps, 1.2s
    [frozen_flower] chain 34/50 task 2/5 success: 63 steps, 2.2s
    [frozen_flower] chain 34/50 task 3/5 success: 86 steps, 2.8s
    [frozen_flower] chain 34/50 task 4/5 success: 92 steps, 3.5s
    [frozen_flower] chain 34/50 task 5/5 failed: 360 steps, 12.5s
    [frozen_flower] chain 35/50 start: ['move_slider_right', 'push_blue_block_left', 'open_drawer', 'lift_red_block_table', 'stack_block']
    [frozen_flower] chain 35/50 task 1/5 success: 63 steps, 2.1s
    [frozen_flower] chain 35/50 task 2/5 failed: 360 steps, 11.6s
    [frozen_flower] chain 36/50 start: ['lift_red_block_slider', 'place_in_slider', 'move_slider_right', 'push_into_drawer', 'turn_off_led']
    [frozen_flower] chain 36/50 task 1/5 success: 51 steps, 2.1s
    [frozen_flower] chain 36/50 task 2/5 success: 14 steps, 0.6s
    [frozen_flower] chain 36/50 task 3/5 success: 72 steps, 2.8s
    [frozen_flower] chain 36/50 task 4/5 success: 67 steps, 2.2s
    [frozen_flower] chain 36/50 task 5/5 success: 34 steps, 1.2s
    [frozen_flower] chain 37/50 start: ['move_slider_right', 'turn_off_lightbulb', 'lift_pink_block_slider', 'place_in_slider', 'push_red_block_right']
    [frozen_flower] chain 37/50 task 1/5 success: 68 steps, 2.4s
    [frozen_flower] chain 37/50 task 2/5 success: 67 steps, 2.3s
    [frozen_flower] chain 37/50 task 3/5 success: 88 steps, 3.3s
    [frozen_flower] chain 37/50 task 4/5 success: 7 steps, 0.4s
    [frozen_flower] chain 37/50 task 5/5 success: 185 steps, 6.2s
    [frozen_flower] chain 38/50 start: ['turn_off_lightbulb', 'push_red_block_right', 'push_into_drawer', 'move_slider_left', 'close_drawer']
    [frozen_flower] chain 38/50 task 1/5 success: 53 steps, 1.9s
    [frozen_flower] chain 38/50 task 2/5 success: 75 steps, 3.0s
    [frozen_flower] chain 38/50 task 3/5 failed: 360 steps, 11.8s
    [frozen_flower] chain 39/50 start: ['open_drawer', 'move_slider_right', 'push_blue_block_right', 'lift_blue_block_table', 'place_in_slider']
    [frozen_flower] chain 39/50 task 1/5 success: 55 steps, 1.8s
    [frozen_flower] chain 39/50 task 2/5 success: 94 steps, 3.2s
    [frozen_flower] chain 39/50 task 3/5 success: 61 steps, 2.1s
    [frozen_flower] chain 39/50 task 4/5 success: 50 steps, 1.6s
    [frozen_flower] chain 39/50 task 5/5 success: 53 steps, 1.9s
    [frozen_flower] chain 40/50 start: ['turn_on_led', 'rotate_pink_block_right', 'move_slider_right', 'close_drawer', 'lift_pink_block_table']
    [frozen_flower] chain 40/50 task 1/5 success: 32 steps, 1.2s
    [frozen_flower] chain 40/50 task 2/5 success: 176 steps, 5.8s
    [frozen_flower] chain 40/50 task 3/5 success: 77 steps, 2.8s
    [frozen_flower] chain 40/50 task 4/5 success: 77 steps, 3.0s
    [frozen_flower] chain 40/50 task 5/5 success: 109 steps, 4.1s
    [frozen_flower] 40/50 chains, L1 success: 95.0%
    [frozen_flower] chain 41/50 start: ['move_slider_right', 'close_drawer', 'push_pink_block_left', 'lift_pink_block_table', 'place_in_slider']
    [frozen_flower] chain 41/50 task 1/5 success: 58 steps, 1.9s
    [frozen_flower] chain 41/50 task 2/5 success: 79 steps, 2.4s
    [frozen_flower] chain 41/50 task 3/5 success: 79 steps, 2.7s
    [frozen_flower] chain 41/50 task 4/5 success: 42 steps, 1.8s
    [frozen_flower] chain 41/50 task 5/5 failed: 360 steps, 11.9s
    [frozen_flower] chain 42/50 start: ['move_slider_right', 'push_into_drawer', 'turn_off_led', 'lift_pink_block_drawer', 'place_in_drawer']
    [frozen_flower] chain 42/50 task 1/5 success: 56 steps, 1.9s
    [frozen_flower] chain 42/50 task 2/5 success: 112 steps, 3.6s
    [frozen_flower] chain 42/50 task 3/5 success: 47 steps, 1.5s
    [frozen_flower] chain 42/50 task 4/5 success: 54 steps, 1.8s
    [frozen_flower] chain 42/50 task 5/5 success: 11 steps, 0.5s
    [frozen_flower] chain 43/50 start: ['move_slider_left', 'push_pink_block_left', 'lift_blue_block_slider', 'place_in_slider', 'turn_off_led']
    [frozen_flower] chain 43/50 task 1/5 success: 52 steps, 1.9s
    [frozen_flower] chain 43/50 task 2/5 success: 76 steps, 2.5s
    [frozen_flower] chain 43/50 task 3/5 failed: 360 steps, 12.8s
    [frozen_flower] chain 44/50 start: ['rotate_pink_block_right', 'lift_pink_block_table', 'place_in_slider', 'open_drawer', 'lift_blue_block_slider']
    [frozen_flower] chain 44/50 task 1/5 success: 85 steps, 2.9s
    [frozen_flower] chain 44/50 task 2/5 success: 82 steps, 2.7s
    [frozen_flower] chain 44/50 task 3/5 success: 26 steps, 0.9s
    [frozen_flower] chain 44/50 task 4/5 success: 75 steps, 2.4s
    [frozen_flower] chain 44/50 task 5/5 failed: 360 steps, 11.2s
    [frozen_flower] chain 45/50 start: ['lift_blue_block_table', 'place_in_slider', 'turn_on_led', 'rotate_pink_block_right', 'lift_red_block_slider']
    [frozen_flower] chain 45/50 task 1/5 success: 49 steps, 1.6s
    [frozen_flower] chain 45/50 task 2/5 success: 29 steps, 1.0s
    [frozen_flower] chain 45/50 task 3/5 success: 44 steps, 1.4s
    [frozen_flower] chain 45/50 task 4/5 success: 87 steps, 2.8s
    [frozen_flower] chain 45/50 task 5/5 failed: 360 steps, 11.9s
    [frozen_flower] chain 46/50 start: ['rotate_pink_block_right', 'turn_off_led', 'lift_pink_block_table', 'place_in_slider', 'open_drawer']
    [frozen_flower] chain 46/50 task 1/5 success: 68 steps, 2.3s
    [frozen_flower] chain 46/50 task 2/5 success: 57 steps, 1.8s
    [frozen_flower] chain 46/50 task 3/5 success: 191 steps, 6.3s
    [frozen_flower] chain 46/50 task 4/5 failed: 360 steps, 11.9s
    [frozen_flower] chain 47/50 start: ['turn_off_lightbulb', 'push_pink_block_left', 'move_slider_left', 'open_drawer', 'lift_pink_block_table']
    [frozen_flower] chain 47/50 task 1/5 success: 57 steps, 2.3s
    [frozen_flower] chain 47/50 task 2/5 success: 71 steps, 3.1s
    [frozen_flower] chain 47/50 task 3/5 success: 104 steps, 3.8s
    [frozen_flower] chain 47/50 task 4/5 success: 73 steps, 2.4s
    [frozen_flower] chain 47/50 task 5/5 success: 72 steps, 2.4s
    [frozen_flower] chain 48/50 start: ['lift_red_block_slider', 'stack_block', 'turn_on_led', 'unstack_block', 'lift_red_block_table']
    [frozen_flower] chain 48/50 task 1/5 success: 69 steps, 2.2s
    [frozen_flower] chain 48/50 task 2/5 success: 62 steps, 2.2s
    [frozen_flower] chain 48/50 task 3/5 success: 61 steps, 2.1s
    [frozen_flower] chain 48/50 task 4/5 success: 77 steps, 2.5s
    [frozen_flower] chain 48/50 task 5/5 failed: 360 steps, 12.8s
    [frozen_flower] chain 49/50 start: ['rotate_blue_block_left', 'move_slider_left', 'open_drawer', 'lift_red_block_slider', 'place_in_drawer']
    [frozen_flower] chain 49/50 task 1/5 success: 63 steps, 2.4s
    [frozen_flower] chain 49/50 task 2/5 success: 66 steps, 2.6s
    [frozen_flower] chain 49/50 task 3/5 success: 66 steps, 2.5s
    [frozen_flower] chain 49/50 task 4/5 failed: 360 steps, 12.6s
    [frozen_flower] chain 50/50 start: ['lift_red_block_table', 'place_in_drawer', 'rotate_blue_block_right', 'lift_pink_block_slider', 'stack_block']
    [frozen_flower] chain 50/50 task 1/5 success: 152 steps, 5.4s
    [frozen_flower] chain 50/50 task 2/5 success: 32 steps, 1.4s
    [frozen_flower] chain 50/50 task 3/5 success: 156 steps, 5.8s
    [frozen_flower] chain 50/50 task 4/5 success: 92 steps, 3.1s
    [frozen_flower] chain 50/50 task 5/5 failed: 360 steps, 11.5s
    [frozen_flower] 50/50 chains, L1 success: 96.0%
  [frozen_flower] L1=96.0%, L3=88.0%, L5=68.0%, latency=35.1ms

Results saved: results/ce_ais_finetuned_head/baseline/main_experiment.json

======================================================================
Method                     L1       L2       L3       L4       L5  Lat(ms)
----------------------------------------------------------------------
frozen_flower          96.0%   92.0%   88.0%   82.0%   68.0%    35.1
======================================================================
disconnecting id 0 from server
Destroy EGL OpenGL window.
disconnecting id -1 from server
