/data0/yejinxuan/ce-ais/.venv/lib/python3.12/site-packages/hydra/_internal/defaults_list.py:251: UserWarning: In 'config_data_collection': Defaults list is missing `_self_`. See https://hydra.cc/docs/1.2/upgrades/1.0_to_1.1/default_composition_order for more information
  warnings.warn(msg, UserWarning)
/data0/yejinxuan/ce-ais/.venv/lib/python3.12/site-packages/hydra/core/default_element.py:124: UserWarning: In 'vr_input/vr_controller/vive': Usage of deprecated keyword in package header '# @package _group_'.
See https://hydra.cc/docs/1.2/upgrades/1.0_to_1.1/changes_to_package_header for more information
  deprecation_warning(
Gym has been unmaintained since 2022 and does not support NumPy 2.0 amongst other critical functionality.
Please upgrade to Gymnasium, the maintained drop-in replacement of Gym, or contact the authors of your software and request that they upgrade.
Users of this version of Gym should be able to simply replace 'import gym' with 'import gymnasium as gym' in the vast majority of cases.
See the migration guide at https://gymnasium.farama.org/introduction/migration_guide/ for additional information.
pybullet build time: Oct 21 2025 10:07:17
/data0/yejinxuan/workspace/calvin/calvin_env/calvin_env/envs/play_table_env.py:292: UserWarning: 
The version_base parameter is not specified.
Please specify a compatability version level, or None.
Will assume defaults for version 1.1
  @hydra.main(config_path="../../conf", config_name="config_data_collection")
EGL device choice: 6 of 17 (from EGL_VISIBLE_DEVICES)
/data0/yejinxuan/ce-ais/.venv/lib/python3.12/site-packages/lightning_lite/__init__.py:29: UserWarning: pkg_resources is deprecated as an API. See https://setuptools.pypa.io/en/latest/pkg_resources.html. The pkg_resources package is slated for removal as early as 2025-11-30. Refrain from using this package or pin to Setuptools<81.
  __import__("pkg_resources").declare_namespace(__name__)
The new embeddings will be initialized from a multivariate normal distribution that has old embeddings' mean and covariance. As described in this article: https://nlp.stanford.edu/~johnhew/vocab-expansion.html. To disable this, use `mean_resizing=False`
[INFO] Ignoring CUDA_VISIBLE_DEVICES=4,5,6,7; --device cuda:6 selects the physical GPU index.
======================================================================
CE-AIS Paper Main Experiments
Methods: ['frozen_flower', 'ce_ais']
Chains: 20 x 5
Device: cuda:6 (requested=cuda:6, visible=None)
EGL: enabled (EGL_VISIBLE_DEVICES=6)
======================================================================

[1] Initializing CALVIN environment...
  Available tasks: 34
  Sequence source: official

[Eval] Running: frozen_flower
Loading Florence-2 from /data0/yejinxuan/hf_cache/hub/Florence-2-large
Loading pretrained weights from /data0/yejinxuan/ce-ais/data/flower_calvin_abc/model.safetensors...
Loaded safetensors file
Pretrained weights loaded with the following issues:
  ⚠️ Missing keys (not found in checkpoint, using default init): 2
    ['vlm.language_model.final_logits_bias', 'vlm.language_model.model.shared.weight'] ...
  ⚠️ Unexpected keys (ignored): 2
    ['vlm.language_final_logits_bias', 'vlm.language_shared.weight'] ...
    [frozen_flower] chain 1/20 start: ['rotate_pink_block_left', 'turn_on_lightbulb', 'lift_blue_block_table', 'place_in_slider', 'open_drawer']
    [frozen_flower] chain 1/20 instructions: ['take the pink block and rotate it to the left', 'use the switch to turn on the light bulb', 'grasp and lift the blue block', 'store the grasped block in the sliding cabinet', 'pull the handle to open the drawer']
    [frozen_flower] chain 1/20 task 1/5 start: rotate_pink_block_left | instruction: take the pink block and rotate it to the left
    [frozen_flower] chain 1/20 task 1/5 step 1/360: running policy
    [frozen_flower] chain 1/20 task 1/5 step 1/360: policy 0.50s, stepping env
    [frozen_flower] chain 1/20 task 1/5 step 25/360: running policy
    [frozen_flower] chain 1/20 task 1/5 step 25/360: policy 0.01s, stepping env
    [frozen_flower] chain 1/20 task 1/5 step 50/360: running policy
    [frozen_flower] chain 1/20 task 1/5 step 50/360: policy 0.01s, stepping env
    [frozen_flower] chain 1/20 task 1/5 success at step 60
    [frozen_flower] chain 1/20 task 1/5 success: 60 steps, 2.7s
    [frozen_flower] chain 1/20 task 2/5 start: turn_on_lightbulb | instruction: use the switch to turn on the light bulb
    [frozen_flower] chain 1/20 task 2/5 step 1/360: running policy
    [frozen_flower] chain 1/20 task 2/5 step 1/360: policy 0.24s, stepping env
    [frozen_flower] chain 1/20 task 2/5 step 25/360: running policy
    [frozen_flower] chain 1/20 task 2/5 step 25/360: policy 0.01s, stepping env
    [frozen_flower] chain 1/20 task 2/5 step 50/360: running policy
    [frozen_flower] chain 1/20 task 2/5 step 50/360: policy 0.01s, stepping env
    [frozen_flower] chain 1/20 task 2/5 success at step 59
    [frozen_flower] chain 1/20 task 2/5 success: 59 steps, 2.4s
    [frozen_flower] chain 1/20 task 3/5 start: lift_blue_block_table | instruction: grasp and lift the blue block
    [frozen_flower] chain 1/20 task 3/5 step 1/360: running policy
    [frozen_flower] chain 1/20 task 3/5 step 1/360: policy 0.25s, stepping env
    [frozen_flower] chain 1/20 task 3/5 step 25/360: running policy
    [frozen_flower] chain 1/20 task 3/5 step 25/360: policy 0.01s, stepping env
    [frozen_flower] chain 1/20 task 3/5 success at step 48
    [frozen_flower] chain 1/20 task 3/5 success: 48 steps, 2.0s
    [frozen_flower] chain 1/20 task 4/5 start: place_in_slider | instruction: store the grasped block in the sliding cabinet
    [frozen_flower] chain 1/20 task 4/5 step 1/360: running policy
    [frozen_flower] chain 1/20 task 4/5 step 1/360: policy 0.26s, stepping env
    [frozen_flower] chain 1/20 task 4/5 step 25/360: running policy
    [frozen_flower] chain 1/20 task 4/5 step 25/360: policy 0.01s, stepping env
    [frozen_flower] chain 1/20 task 4/5 step 50/360: running policy
    [frozen_flower] chain 1/20 task 4/5 step 50/360: policy 0.01s, stepping env
    [frozen_flower] chain 1/20 task 4/5 step 75/360: running policy
    [frozen_flower] chain 1/20 task 4/5 step 75/360: policy 0.01s, stepping env
