usage: run_paper_experiments.py [-h] [--data-dir DATA_DIR]
                                [--n-chains N_CHAINS]
                                [--chain-length CHAIN_LENGTH]
                                [--max-steps MAX_STEPS] [--seed SEED]
                                [--config CONFIG] [--output-dir OUTPUT_DIR]
                                [--vla-type {openvla,proxy,calvin,flower}]
                                [--no-egl] [--device DEVICE]
                                [--encoder-ckpt ENCODER_CKPT]
                                [--cewm-ckpt CEWM_CKPT]
                                [--progress-steps PROGRESS_STEPS]
                                [--sequence-source {official,random}]
                                [--calvin-policy-ckpt CALVIN_POLICY_CKPT]
                                [--calvin-train-folder CALVIN_TRAIN_FOLDER]
                                [--calvin-dataset-path CALVIN_DATASET_PATH]
                                [--flower-checkpoint-dir FLOWER_CHECKPOINT_DIR]
                                [--flower-code-path FLOWER_CODE_PATH]
                                [--run-expert-replay-diagnostic]
                                [--expert-replay-episodes EXPERT_REPLAY_EPISODES]
                                [--methods [METHODS ...]]
run_paper_experiments.py: error: argument --vla-type: invalid choice: 'ce_ais' (choose from openvla, proxy, calvin, flower)
