======================================================================
CE-AIS OOD Perturbation Experiments
OOD Types: ['physics', 'visual', 'camera']
Severity sweep: True (['mild', 'medium', 'severe'])
Episodes per type: 100
Methods: ['frozen_flower', 'ce_ais']
Device: cuda:7 (requested=cuda:7, visible=None)
EGL: enabled (EGL_VISIBLE_DEVICES=7)
======================================================================

============================================================
OOD Scenario: physics/mild — 物理轻度偏移 (mass x1.2, friction x0.8)
============================================================

  [frozen_flower] Evaluating under physics/mild OOD...
/data0/yejinxuan/ce-ais/.venv/lib/python3.12/site-packages/hydra/_internal/defaults_list.py:251: UserWarning: In 'config_data_collection': Defaults list is missing `_self_`. See https://hydra.cc/docs/1.2/upgrades/1.0_to_1.1/default_composition_order for more information
  warnings.warn(msg, UserWarning)
/data0/yejinxuan/ce-ais/.venv/lib/python3.12/site-packages/hydra/core/default_element.py:124: UserWarning: In 'vr_input/vr_controller/vive': Usage of deprecated keyword in package header '# @package _group_'.
See https://hydra.cc/docs/1.2/upgrades/1.0_to_1.1/changes_to_package_header for more information
  deprecation_warning(
Gym has been unmaintained since 2022 and does not support NumPy 2.0 amongst other critical functionality.
Please upgrade to Gymnasium, the maintained drop-in replacement of Gym, or contact the authors of your software and request that they upgrade.
Users of this version of Gym should be able to simply replace 'import gym' with 'import gymnasium as gym' in the vast majority of cases.
See the migration guide at https://gymnasium.farama.org/introduction/migration_guide/ for additional information.
pybullet build time: Oct 21 2025 10:07:17
/data0/yejinxuan/workspace/calvin/calvin_env/calvin_env/envs/play_table_env.py:292: UserWarning: 
The version_base parameter is not specified.
Please specify a compatability version level, or None.
Will assume defaults for version 1.1
  @hydra.main(config_path="../../conf", config_name="config_data_collection")
argv[0]=--width=200
argv[1]=--height=200
EGL device choice: 7 of 17 (from EGL_VISIBLE_DEVICES)
Loaded EGL 1.5 after reload.
GL_VENDOR=NVIDIA Corporation
GL_RENDERER=NVIDIA A100-SXM4-80GB/PCIe/SSE2
GL_VERSION=3.3.0 NVIDIA 595.71.05
GL_SHADING_LANGUAGE_VERSION=3.30 NVIDIA via Cg compiler
Version = 3.3.0 NVIDIA 595.71.05
Vendor = NVIDIA Corporation
Renderer = NVIDIA A100-SXM4-80GB/PCIe/SSE2
/data0/yejinxuan/ce-ais/.venv/lib/python3.12/site-packages/lightning_lite/__init__.py:29: UserWarning: pkg_resources is deprecated as an API. See https://setuptools.pypa.io/en/latest/pkg_resources.html. The pkg_resources package is slated for removal as early as 2025-11-30. Refrain from using this package or pin to Setuptools<81.
  __import__("pkg_resources").declare_namespace(__name__)
Loading Florence-2 from /data0/yejinxuan/hf_cache/hub/Florence-2-large
Loading pretrained weights from /data0/yejinxuan/ce-ais/data/flower_calvin_abc/model.safetensors...
Loaded safetensors file
Pretrained weights loaded with the following issues:
  ⚠️ Missing keys (not found in checkpoint, using default init): 2
    ['vlm.language_model.final_logits_bias', 'vlm.language_model.model.shared.weight'] ...
  ⚠️ Unexpected keys (ignored): 2
    ['vlm.language_final_logits_bias', 'vlm.language_shared.weight'] ...
ven = NVIDIA Corporation
ven = NVIDIA Corporation
    progress frozen_flower: 10/100 episodes, L1=70.0%, avg_completed=1.00
    progress frozen_flower: 20/100 episodes, L1=35.0%, avg_completed=0.50
    progress frozen_flower: 30/100 episodes, L1=23.3%, avg_completed=0.33
    progress frozen_flower: 40/100 episodes, L1=22.5%, avg_completed=0.30
    progress frozen_flower: 50/100 episodes, L1=20.0%, avg_completed=0.26
    progress frozen_flower: 60/100 episodes, L1=16.7%, avg_completed=0.22
    progress frozen_flower: 70/100 episodes, L1=15.7%, avg_completed=0.20
    progress frozen_flower: 80/100 episodes, L1=16.2%, avg_completed=0.20
    progress frozen_flower: 90/100 episodes, L1=16.7%, avg_completed=0.20
    progress frozen_flower: 100/100 episodes, L1=16.0%, avg_completed=0.19
    L1=16.0%, avg_completed=0.19
disconnecting id 0 from server
Destroy EGL OpenGL window.
disconnecting id -1 from server

  [ce_ais] Evaluating under physics/mild OOD...
/data0/yejinxuan/ce-ais/.venv/lib/python3.12/site-packages/hydra/_internal/defaults_list.py:251: UserWarning: In 'config_data_collection': Defaults list is missing `_self_`. See https://hydra.cc/docs/1.2/upgrades/1.0_to_1.1/default_composition_order for more information
  warnings.warn(msg, UserWarning)
/data0/yejinxuan/ce-ais/.venv/lib/python3.12/site-packages/hydra/core/default_element.py:124: UserWarning: In 'vr_input/vr_controller/vive': Usage of deprecated keyword in package header '# @package _group_'.
See https://hydra.cc/docs/1.2/upgrades/1.0_to_1.1/changes_to_package_header for more information
  deprecation_warning(
argv[0]=--width=200
argv[1]=--height=200
EGL device choice: 7 of 17 (from EGL_VISIBLE_DEVICES)
Loaded EGL 1.5 after reload.
GL_VENDOR=NVIDIA Corporation
GL_RENDERER=NVIDIA A100-SXM4-80GB/PCIe/SSE2
GL_VERSION=3.3.0 NVIDIA 595.71.05
GL_SHADING_LANGUAGE_VERSION=3.30 NVIDIA via Cg compiler
Version = 3.3.0 NVIDIA 595.71.05
Vendor = NVIDIA Corporation
Renderer = NVIDIA A100-SXM4-80GB/PCIe/SSE2
Loading Florence-2 from /data0/yejinxuan/hf_cache/hub/Florence-2-large
Loading pretrained weights from /data0/yejinxuan/ce-ais/data/flower_calvin_abc/model.safetensors...
Loaded safetensors file
Pretrained weights loaded with the following issues:
  ⚠️ Missing keys (not found in checkpoint, using default init): 2
    ['vlm.language_model.final_logits_bias', 'vlm.language_model.model.shared.weight'] ...
  ⚠️ Unexpected keys (ignored): 2
    ['vlm.language_final_logits_bias', 'vlm.language_shared.weight'] ...
  Loaded encoder checkpoint: /data0/yejinxuan/ce-ais/checkpoints/encoder_epoch0044.pt
  Loaded CE-WM checkpoint: /data0/yejinxuan/ce-ais/checkpoints_calibrated_cewm/cewm_epoch0033.pt
ven = NVIDIA Corporation
ven = NVIDIA Corporation
    progress ce_ais: 10/100 episodes, L1=50.0%, avg_completed=0.50
    progress ce_ais: 20/100 episodes, L1=25.0%, avg_completed=0.25
    progress ce_ais: 30/100 episodes, L1=16.7%, avg_completed=0.17
    progress ce_ais: 40/100 episodes, L1=17.5%, avg_completed=0.17
    progress ce_ais: 50/100 episodes, L1=16.0%, avg_completed=0.16
    progress ce_ais: 60/100 episodes, L1=13.3%, avg_completed=0.13
    progress ce_ais: 70/100 episodes, L1=14.3%, avg_completed=0.14
    progress ce_ais: 80/100 episodes, L1=16.2%, avg_completed=0.16
    progress ce_ais: 90/100 episodes, L1=16.7%, avg_completed=0.17
    progress ce_ais: 100/100 episodes, L1=16.0%, avg_completed=0.16
    L1=16.0%, avg_completed=0.16
disconnecting id 0 from server
Destroy EGL OpenGL window.
disconnecting id -1 from server

============================================================
OOD Scenario: physics/medium — 物理中度偏移 (mass x1.5, friction x0.5)
============================================================

  [frozen_flower] Evaluating under physics/medium OOD...
/data0/yejinxuan/ce-ais/.venv/lib/python3.12/site-packages/hydra/_internal/defaults_list.py:251: UserWarning: In 'config_data_collection': Defaults list is missing `_self_`. See https://hydra.cc/docs/1.2/upgrades/1.0_to_1.1/default_composition_order for more information
  warnings.warn(msg, UserWarning)
/data0/yejinxuan/ce-ais/.venv/lib/python3.12/site-packages/hydra/core/default_element.py:124: UserWarning: In 'vr_input/vr_controller/vive': Usage of deprecated keyword in package header '# @package _group_'.
See https://hydra.cc/docs/1.2/upgrades/1.0_to_1.1/changes_to_package_header for more information
  deprecation_warning(
argv[0]=--width=200
argv[1]=--height=200
EGL device choice: 7 of 17 (from EGL_VISIBLE_DEVICES)
Loaded EGL 1.5 after reload.
GL_VENDOR=NVIDIA Corporation
GL_RENDERER=NVIDIA A100-SXM4-80GB/PCIe/SSE2
GL_VERSION=3.3.0 NVIDIA 595.71.05
GL_SHADING_LANGUAGE_VERSION=3.30 NVIDIA via Cg compiler
Version = 3.3.0 NVIDIA 595.71.05
Vendor = NVIDIA Corporation
Renderer = NVIDIA A100-SXM4-80GB/PCIe/SSE2
Loading Florence-2 from /data0/yejinxuan/hf_cache/hub/Florence-2-large
Loading pretrained weights from /data0/yejinxuan/ce-ais/data/flower_calvin_abc/model.safetensors...
Loaded safetensors file
Pretrained weights loaded with the following issues:
  ⚠️ Missing keys (not found in checkpoint, using default init): 2
    ['vlm.language_model.final_logits_bias', 'vlm.language_model.model.shared.weight'] ...
  ⚠️ Unexpected keys (ignored): 2
    ['vlm.language_final_logits_bias', 'vlm.language_shared.weight'] ...
ven = NVIDIA Corporation
ven = NVIDIA Corporation
    progress frozen_flower: 10/100 episodes, L1=10.0%, avg_completed=0.10
    progress frozen_flower: 20/100 episodes, L1=5.0%, avg_completed=0.05
    progress frozen_flower: 30/100 episodes, L1=6.7%, avg_completed=0.10
    progress frozen_flower: 40/100 episodes, L1=10.0%, avg_completed=0.12
    progress frozen_flower: 50/100 episodes, L1=10.0%, avg_completed=0.12
    progress frozen_flower: 60/100 episodes, L1=10.0%, avg_completed=0.12
    progress frozen_flower: 70/100 episodes, L1=8.6%, avg_completed=0.10
    progress frozen_flower: 80/100 episodes, L1=7.5%, avg_completed=0.09
    progress frozen_flower: 90/100 episodes, L1=6.7%, avg_completed=0.08
    progress frozen_flower: 100/100 episodes, L1=6.0%, avg_completed=0.07
    L1=6.0%, avg_completed=0.07
disconnecting id 0 from server
Destroy EGL OpenGL window.
disconnecting id -1 from server

  [ce_ais] Evaluating under physics/medium OOD...
/data0/yejinxuan/ce-ais/.venv/lib/python3.12/site-packages/hydra/_internal/defaults_list.py:251: UserWarning: In 'config_data_collection': Defaults list is missing `_self_`. See https://hydra.cc/docs/1.2/upgrades/1.0_to_1.1/default_composition_order for more information
  warnings.warn(msg, UserWarning)
/data0/yejinxuan/ce-ais/.venv/lib/python3.12/site-packages/hydra/core/default_element.py:124: UserWarning: In 'vr_input/vr_controller/vive': Usage of deprecated keyword in package header '# @package _group_'.
See https://hydra.cc/docs/1.2/upgrades/1.0_to_1.1/changes_to_package_header for more information
  deprecation_warning(
argv[0]=--width=200
argv[1]=--height=200
EGL device choice: 7 of 17 (from EGL_VISIBLE_DEVICES)
Loaded EGL 1.5 after reload.
GL_VENDOR=NVIDIA Corporation
GL_RENDERER=NVIDIA A100-SXM4-80GB/PCIe/SSE2
GL_VERSION=3.3.0 NVIDIA 595.71.05
GL_SHADING_LANGUAGE_VERSION=3.30 NVIDIA via Cg compiler
Version = 3.3.0 NVIDIA 595.71.05
Vendor = NVIDIA Corporation
Renderer = NVIDIA A100-SXM4-80GB/PCIe/SSE2
Loading Florence-2 from /data0/yejinxuan/hf_cache/hub/Florence-2-large
Loading pretrained weights from /data0/yejinxuan/ce-ais/data/flower_calvin_abc/model.safetensors...
Loaded safetensors file
Pretrained weights loaded with the following issues:
  ⚠️ Missing keys (not found in checkpoint, using default init): 2
    ['vlm.language_model.final_logits_bias', 'vlm.language_model.model.shared.weight'] ...
  ⚠️ Unexpected keys (ignored): 2
    ['vlm.language_final_logits_bias', 'vlm.language_shared.weight'] ...
  Loaded encoder checkpoint: /data0/yejinxuan/ce-ais/checkpoints/encoder_epoch0044.pt
  Loaded CE-WM checkpoint: /data0/yejinxuan/ce-ais/checkpoints_calibrated_cewm/cewm_epoch0033.pt
ven = NVIDIA Corporation
ven = NVIDIA Corporation
    progress ce_ais: 10/100 episodes, L1=10.0%, avg_completed=0.10
    progress ce_ais: 20/100 episodes, L1=5.0%, avg_completed=0.05
    progress ce_ais: 30/100 episodes, L1=6.7%, avg_completed=0.10
    progress ce_ais: 40/100 episodes, L1=10.0%, avg_completed=0.12
    progress ce_ais: 50/100 episodes, L1=10.0%, avg_completed=0.12
    progress ce_ais: 60/100 episodes, L1=8.3%, avg_completed=0.10
    progress ce_ais: 70/100 episodes, L1=7.1%, avg_completed=0.09
    progress ce_ais: 80/100 episodes, L1=6.2%, avg_completed=0.07
    progress ce_ais: 90/100 episodes, L1=5.6%, avg_completed=0.07
    progress ce_ais: 100/100 episodes, L1=5.0%, avg_completed=0.06
    L1=5.0%, avg_completed=0.06
disconnecting id 0 from server
Destroy EGL OpenGL window.
disconnecting id -1 from server

============================================================
OOD Scenario: physics/severe — 物理动力学突变 (mass x2.0, friction x0.3)
============================================================

  [frozen_flower] Evaluating under physics/severe OOD...
/data0/yejinxuan/ce-ais/.venv/lib/python3.12/site-packages/hydra/_internal/defaults_list.py:251: UserWarning: In 'config_data_collection': Defaults list is missing `_self_`. See https://hydra.cc/docs/1.2/upgrades/1.0_to_1.1/default_composition_order for more information
  warnings.warn(msg, UserWarning)
/data0/yejinxuan/ce-ais/.venv/lib/python3.12/site-packages/hydra/core/default_element.py:124: UserWarning: In 'vr_input/vr_controller/vive': Usage of deprecated keyword in package header '# @package _group_'.
See https://hydra.cc/docs/1.2/upgrades/1.0_to_1.1/changes_to_package_header for more information
  deprecation_warning(
argv[0]=--width=200
argv[1]=--height=200
EGL device choice: 7 of 17 (from EGL_VISIBLE_DEVICES)
Loaded EGL 1.5 after reload.
GL_VENDOR=NVIDIA Corporation
GL_RENDERER=NVIDIA A100-SXM4-80GB/PCIe/SSE2
GL_VERSION=3.3.0 NVIDIA 595.71.05
GL_SHADING_LANGUAGE_VERSION=3.30 NVIDIA via Cg compiler
Version = 3.3.0 NVIDIA 595.71.05
Vendor = NVIDIA Corporation
Renderer = NVIDIA A100-SXM4-80GB/PCIe/SSE2
Loading Florence-2 from /data0/yejinxuan/hf_cache/hub/Florence-2-large
Loading pretrained weights from /data0/yejinxuan/ce-ais/data/flower_calvin_abc/model.safetensors...
Loaded safetensors file
Pretrained weights loaded with the following issues:
  ⚠️ Missing keys (not found in checkpoint, using default init): 2
    ['vlm.language_model.final_logits_bias', 'vlm.language_model.model.shared.weight'] ...
  ⚠️ Unexpected keys (ignored): 2
    ['vlm.language_final_logits_bias', 'vlm.language_shared.weight'] ...
ven = NVIDIA Corporation
ven = NVIDIA Corporation
    progress frozen_flower: 10/100 episodes, L1=10.0%, avg_completed=0.10
    progress frozen_flower: 20/100 episodes, L1=15.0%, avg_completed=0.15
    progress frozen_flower: 30/100 episodes, L1=13.3%, avg_completed=0.17
    progress frozen_flower: 40/100 episodes, L1=15.0%, avg_completed=0.17
    progress frozen_flower: 50/100 episodes, L1=14.0%, avg_completed=0.16
    progress frozen_flower: 60/100 episodes, L1=11.7%, avg_completed=0.13
    progress frozen_flower: 70/100 episodes, L1=10.0%, avg_completed=0.11
    progress frozen_flower: 80/100 episodes, L1=8.8%, avg_completed=0.10
    progress frozen_flower: 90/100 episodes, L1=7.8%, avg_completed=0.09
    progress frozen_flower: 100/100 episodes, L1=7.0%, avg_completed=0.08
    L1=7.0%, avg_completed=0.08
disconnecting id 0 from server
Destroy EGL OpenGL window.
disconnecting id -1 from server

  [ce_ais] Evaluating under physics/severe OOD...
/data0/yejinxuan/ce-ais/.venv/lib/python3.12/site-packages/hydra/_internal/defaults_list.py:251: UserWarning: In 'config_data_collection': Defaults list is missing `_self_`. See https://hydra.cc/docs/1.2/upgrades/1.0_to_1.1/default_composition_order for more information
  warnings.warn(msg, UserWarning)
/data0/yejinxuan/ce-ais/.venv/lib/python3.12/site-packages/hydra/core/default_element.py:124: UserWarning: In 'vr_input/vr_controller/vive': Usage of deprecated keyword in package header '# @package _group_'.
See https://hydra.cc/docs/1.2/upgrades/1.0_to_1.1/changes_to_package_header for more information
  deprecation_warning(
argv[0]=--width=200
argv[1]=--height=200
EGL device choice: 7 of 17 (from EGL_VISIBLE_DEVICES)
Loaded EGL 1.5 after reload.
GL_VENDOR=NVIDIA Corporation
GL_RENDERER=NVIDIA A100-SXM4-80GB/PCIe/SSE2
GL_VERSION=3.3.0 NVIDIA 595.71.05
GL_SHADING_LANGUAGE_VERSION=3.30 NVIDIA via Cg compiler
Version = 3.3.0 NVIDIA 595.71.05
Vendor = NVIDIA Corporation
Renderer = NVIDIA A100-SXM4-80GB/PCIe/SSE2
Loading Florence-2 from /data0/yejinxuan/hf_cache/hub/Florence-2-large
Loading pretrained weights from /data0/yejinxuan/ce-ais/data/flower_calvin_abc/model.safetensors...
Loaded safetensors file
Pretrained weights loaded with the following issues:
  ⚠️ Missing keys (not found in checkpoint, using default init): 2
    ['vlm.language_model.final_logits_bias', 'vlm.language_model.model.shared.weight'] ...
  ⚠️ Unexpected keys (ignored): 2
    ['vlm.language_final_logits_bias', 'vlm.language_shared.weight'] ...
  Loaded encoder checkpoint: /data0/yejinxuan/ce-ais/checkpoints/encoder_epoch0044.pt
  Loaded CE-WM checkpoint: /data0/yejinxuan/ce-ais/checkpoints_calibrated_cewm/cewm_epoch0033.pt
ven = NVIDIA Corporation
ven = NVIDIA Corporation
    progress ce_ais: 10/100 episodes, L1=30.0%, avg_completed=0.30
    progress ce_ais: 20/100 episodes, L1=20.0%, avg_completed=0.20
    progress ce_ais: 30/100 episodes, L1=16.7%, avg_completed=0.20
    progress ce_ais: 40/100 episodes, L1=17.5%, avg_completed=0.20
    progress ce_ais: 50/100 episodes, L1=16.0%, avg_completed=0.18
    progress ce_ais: 60/100 episodes, L1=13.3%, avg_completed=0.15
    progress ce_ais: 70/100 episodes, L1=11.4%, avg_completed=0.13
    progress ce_ais: 80/100 episodes, L1=10.0%, avg_completed=0.11
    progress ce_ais: 90/100 episodes, L1=8.9%, avg_completed=0.10
    progress ce_ais: 100/100 episodes, L1=8.0%, avg_completed=0.09
    L1=8.0%, avg_completed=0.09
disconnecting id 0 from server
Destroy EGL OpenGL window.
disconnecting id -1 from server

============================================================
OOD Scenario: visual/mild — 视觉轻度干扰 (brightness=0.8, noise=0.02)
============================================================

  [frozen_flower] Evaluating under visual/mild OOD...
/data0/yejinxuan/ce-ais/.venv/lib/python3.12/site-packages/hydra/_internal/defaults_list.py:251: UserWarning: In 'config_data_collection': Defaults list is missing `_self_`. See https://hydra.cc/docs/1.2/upgrades/1.0_to_1.1/default_composition_order for more information
  warnings.warn(msg, UserWarning)
/data0/yejinxuan/ce-ais/.venv/lib/python3.12/site-packages/hydra/core/default_element.py:124: UserWarning: In 'vr_input/vr_controller/vive': Usage of deprecated keyword in package header '# @package _group_'.
See https://hydra.cc/docs/1.2/upgrades/1.0_to_1.1/changes_to_package_header for more information
  deprecation_warning(
argv[0]=--width=200
argv[1]=--height=200
EGL device choice: 7 of 17 (from EGL_VISIBLE_DEVICES)
Loaded EGL 1.5 after reload.
GL_VENDOR=NVIDIA Corporation
GL_RENDERER=NVIDIA A100-SXM4-80GB/PCIe/SSE2
GL_VERSION=3.3.0 NVIDIA 595.71.05
GL_SHADING_LANGUAGE_VERSION=3.30 NVIDIA via Cg compiler
Version = 3.3.0 NVIDIA 595.71.05
Vendor = NVIDIA Corporation
Renderer = NVIDIA A100-SXM4-80GB/PCIe/SSE2
Loading Florence-2 from /data0/yejinxuan/hf_cache/hub/Florence-2-large
Loading pretrained weights from /data0/yejinxuan/ce-ais/data/flower_calvin_abc/model.safetensors...
Loaded safetensors file
Pretrained weights loaded with the following issues:
  ⚠️ Missing keys (not found in checkpoint, using default init): 2
    ['vlm.language_model.final_logits_bias', 'vlm.language_model.model.shared.weight'] ...
  ⚠️ Unexpected keys (ignored): 2
    ['vlm.language_final_logits_bias', 'vlm.language_shared.weight'] ...
ven = NVIDIA Corporation
ven = NVIDIA Corporation
    progress frozen_flower: 10/100 episodes, L1=70.0%, avg_completed=0.90
    progress frozen_flower: 20/100 episodes, L1=55.0%, avg_completed=0.75
    progress frozen_flower: 30/100 episodes, L1=56.7%, avg_completed=0.73
    progress frozen_flower: 40/100 episodes, L1=47.5%, avg_completed=0.60
    progress frozen_flower: 50/100 episodes, L1=42.0%, avg_completed=0.52
    progress frozen_flower: 60/100 episodes, L1=36.7%, avg_completed=0.45
    progress frozen_flower: 70/100 episodes, L1=32.9%, avg_completed=0.40
    progress frozen_flower: 80/100 episodes, L1=32.5%, avg_completed=0.41
    progress frozen_flower: 90/100 episodes, L1=32.2%, avg_completed=0.41
    progress frozen_flower: 100/100 episodes, L1=31.0%, avg_completed=0.42
    L1=31.0%, avg_completed=0.42
disconnecting id 0 from server
Destroy EGL OpenGL window.
disconnecting id -1 from server

  [ce_ais] Evaluating under visual/mild OOD...
/data0/yejinxuan/ce-ais/.venv/lib/python3.12/site-packages/hydra/_internal/defaults_list.py:251: UserWarning: In 'config_data_collection': Defaults list is missing `_self_`. See https://hydra.cc/docs/1.2/upgrades/1.0_to_1.1/default_composition_order for more information
  warnings.warn(msg, UserWarning)
/data0/yejinxuan/ce-ais/.venv/lib/python3.12/site-packages/hydra/core/default_element.py:124: UserWarning: In 'vr_input/vr_controller/vive': Usage of deprecated keyword in package header '# @package _group_'.
See https://hydra.cc/docs/1.2/upgrades/1.0_to_1.1/changes_to_package_header for more information
  deprecation_warning(
argv[0]=--width=200
argv[1]=--height=200
EGL device choice: 7 of 17 (from EGL_VISIBLE_DEVICES)
Loaded EGL 1.5 after reload.
GL_VENDOR=NVIDIA Corporation
GL_RENDERER=NVIDIA A100-SXM4-80GB/PCIe/SSE2
GL_VERSION=3.3.0 NVIDIA 595.71.05
GL_SHADING_LANGUAGE_VERSION=3.30 NVIDIA via Cg compiler
Version = 3.3.0 NVIDIA 595.71.05
Vendor = NVIDIA Corporation
Renderer = NVIDIA A100-SXM4-80GB/PCIe/SSE2
Loading Florence-2 from /data0/yejinxuan/hf_cache/hub/Florence-2-large
Loading pretrained weights from /data0/yejinxuan/ce-ais/data/flower_calvin_abc/model.safetensors...
Loaded safetensors file
Pretrained weights loaded with the following issues:
  ⚠️ Missing keys (not found in checkpoint, using default init): 2
    ['vlm.language_model.final_logits_bias', 'vlm.language_model.model.shared.weight'] ...
  ⚠️ Unexpected keys (ignored): 2
    ['vlm.language_final_logits_bias', 'vlm.language_shared.weight'] ...
  Loaded encoder checkpoint: /data0/yejinxuan/ce-ais/checkpoints/encoder_epoch0044.pt
  Loaded CE-WM checkpoint: /data0/yejinxuan/ce-ais/checkpoints_calibrated_cewm/cewm_epoch0033.pt
ven = NVIDIA Corporation
ven = NVIDIA Corporation
    progress ce_ais: 10/100 episodes, L1=60.0%, avg_completed=1.00
    progress ce_ais: 20/100 episodes, L1=50.0%, avg_completed=0.80
    progress ce_ais: 30/100 episodes, L1=53.3%, avg_completed=0.80
    progress ce_ais: 40/100 episodes, L1=45.0%, avg_completed=0.65
    progress ce_ais: 50/100 episodes, L1=40.0%, avg_completed=0.56
    progress ce_ais: 60/100 episodes, L1=36.7%, avg_completed=0.52
    progress ce_ais: 70/100 episodes, L1=34.3%, avg_completed=0.47
    progress ce_ais: 80/100 episodes, L1=33.8%, avg_completed=0.47
    progress ce_ais: 90/100 episodes, L1=33.3%, avg_completed=0.47
    progress ce_ais: 100/100 episodes, L1=32.0%, avg_completed=0.45
    L1=32.0%, avg_completed=0.45
disconnecting id 0 from server
Destroy EGL OpenGL window.
disconnecting id -1 from server

============================================================
OOD Scenario: visual/medium — 视觉中度干扰 (brightness=0.6, noise=0.05)
============================================================

  [frozen_flower] Evaluating under visual/medium OOD...
/data0/yejinxuan/ce-ais/.venv/lib/python3.12/site-packages/hydra/_internal/defaults_list.py:251: UserWarning: In 'config_data_collection': Defaults list is missing `_self_`. See https://hydra.cc/docs/1.2/upgrades/1.0_to_1.1/default_composition_order for more information
  warnings.warn(msg, UserWarning)
/data0/yejinxuan/ce-ais/.venv/lib/python3.12/site-packages/hydra/core/default_element.py:124: UserWarning: In 'vr_input/vr_controller/vive': Usage of deprecated keyword in package header '# @package _group_'.
See https://hydra.cc/docs/1.2/upgrades/1.0_to_1.1/changes_to_package_header for more information
  deprecation_warning(
argv[0]=--width=200
argv[1]=--height=200
EGL device choice: 7 of 17 (from EGL_VISIBLE_DEVICES)
Loaded EGL 1.5 after reload.
GL_VENDOR=NVIDIA Corporation
GL_RENDERER=NVIDIA A100-SXM4-80GB/PCIe/SSE2
GL_VERSION=3.3.0 NVIDIA 595.71.05
GL_SHADING_LANGUAGE_VERSION=3.30 NVIDIA via Cg compiler
Version = 3.3.0 NVIDIA 595.71.05
Vendor = NVIDIA Corporation
Renderer = NVIDIA A100-SXM4-80GB/PCIe/SSE2
Loading Florence-2 from /data0/yejinxuan/hf_cache/hub/Florence-2-large
Loading pretrained weights from /data0/yejinxuan/ce-ais/data/flower_calvin_abc/model.safetensors...
Loaded safetensors file
Pretrained weights loaded with the following issues:
  ⚠️ Missing keys (not found in checkpoint, using default init): 2
    ['vlm.language_model.final_logits_bias', 'vlm.language_model.model.shared.weight'] ...
  ⚠️ Unexpected keys (ignored): 2
    ['vlm.language_final_logits_bias', 'vlm.language_shared.weight'] ...
ven = NVIDIA Corporation
ven = NVIDIA Corporation
    progress frozen_flower: 10/100 episodes, L1=70.0%, avg_completed=1.10
    progress frozen_flower: 20/100 episodes, L1=55.0%, avg_completed=0.85
    progress frozen_flower: 30/100 episodes, L1=53.3%, avg_completed=0.77
    progress frozen_flower: 40/100 episodes, L1=47.5%, avg_completed=0.65
    progress frozen_flower: 50/100 episodes, L1=42.0%, avg_completed=0.58
    progress frozen_flower: 60/100 episodes, L1=36.7%, avg_completed=0.50
    progress frozen_flower: 70/100 episodes, L1=34.3%, avg_completed=0.46
    progress frozen_flower: 80/100 episodes, L1=33.8%, avg_completed=0.46
    progress frozen_flower: 90/100 episodes, L1=35.6%, avg_completed=0.49
    progress frozen_flower: 100/100 episodes, L1=34.0%, avg_completed=0.49
    L1=34.0%, avg_completed=0.49
disconnecting id 0 from server
Destroy EGL OpenGL window.
disconnecting id -1 from server

  [ce_ais] Evaluating under visual/medium OOD...
/data0/yejinxuan/ce-ais/.venv/lib/python3.12/site-packages/hydra/_internal/defaults_list.py:251: UserWarning: In 'config_data_collection': Defaults list is missing `_self_`. See https://hydra.cc/docs/1.2/upgrades/1.0_to_1.1/default_composition_order for more information
  warnings.warn(msg, UserWarning)
/data0/yejinxuan/ce-ais/.venv/lib/python3.12/site-packages/hydra/core/default_element.py:124: UserWarning: In 'vr_input/vr_controller/vive': Usage of deprecated keyword in package header '# @package _group_'.
See https://hydra.cc/docs/1.2/upgrades/1.0_to_1.1/changes_to_package_header for more information
  deprecation_warning(
argv[0]=--width=200
argv[1]=--height=200
EGL device choice: 7 of 17 (from EGL_VISIBLE_DEVICES)
Loaded EGL 1.5 after reload.
GL_VENDOR=NVIDIA Corporation
GL_RENDERER=NVIDIA A100-SXM4-80GB/PCIe/SSE2
GL_VERSION=3.3.0 NVIDIA 595.71.05
GL_SHADING_LANGUAGE_VERSION=3.30 NVIDIA via Cg compiler
Version = 3.3.0 NVIDIA 595.71.05
Vendor = NVIDIA Corporation
Renderer = NVIDIA A100-SXM4-80GB/PCIe/SSE2
Loading Florence-2 from /data0/yejinxuan/hf_cache/hub/Florence-2-large
Loading pretrained weights from /data0/yejinxuan/ce-ais/data/flower_calvin_abc/model.safetensors...
Loaded safetensors file
Pretrained weights loaded with the following issues:
  ⚠️ Missing keys (not found in checkpoint, using default init): 2
    ['vlm.language_model.final_logits_bias', 'vlm.language_model.model.shared.weight'] ...
  ⚠️ Unexpected keys (ignored): 2
    ['vlm.language_final_logits_bias', 'vlm.language_shared.weight'] ...
  Loaded encoder checkpoint: /data0/yejinxuan/ce-ais/checkpoints/encoder_epoch0044.pt
  Loaded CE-WM checkpoint: /data0/yejinxuan/ce-ais/checkpoints_calibrated_cewm/cewm_epoch0033.pt
ven = NVIDIA Corporation
ven = NVIDIA Corporation
    progress ce_ais: 10/100 episodes, L1=50.0%, avg_completed=0.90
    progress ce_ais: 20/100 episodes, L1=45.0%, avg_completed=0.75
    progress ce_ais: 30/100 episodes, L1=46.7%, avg_completed=0.70
    progress ce_ais: 40/100 episodes, L1=40.0%, avg_completed=0.57
    progress ce_ais: 50/100 episodes, L1=36.0%, avg_completed=0.52
    progress ce_ais: 60/100 episodes, L1=31.7%, avg_completed=0.45
    progress ce_ais: 70/100 episodes, L1=28.6%, avg_completed=0.40
    progress ce_ais: 80/100 episodes, L1=28.7%, avg_completed=0.41
    progress ce_ais: 90/100 episodes, L1=28.9%, avg_completed=0.41
    progress ce_ais: 100/100 episodes, L1=28.0%, avg_completed=0.42
    L1=28.0%, avg_completed=0.42
disconnecting id 0 from server
Destroy EGL OpenGL window.
disconnecting id -1 from server

============================================================
OOD Scenario: visual/severe — 视觉灾难 (brightness=0.5, noise=0.1)
============================================================

  [frozen_flower] Evaluating under visual/severe OOD...
/data0/yejinxuan/ce-ais/.venv/lib/python3.12/site-packages/hydra/_internal/defaults_list.py:251: UserWarning: In 'config_data_collection': Defaults list is missing `_self_`. See https://hydra.cc/docs/1.2/upgrades/1.0_to_1.1/default_composition_order for more information
  warnings.warn(msg, UserWarning)
/data0/yejinxuan/ce-ais/.venv/lib/python3.12/site-packages/hydra/core/default_element.py:124: UserWarning: In 'vr_input/vr_controller/vive': Usage of deprecated keyword in package header '# @package _group_'.
See https://hydra.cc/docs/1.2/upgrades/1.0_to_1.1/changes_to_package_header for more information
  deprecation_warning(
argv[0]=--width=200
argv[1]=--height=200
EGL device choice: 7 of 17 (from EGL_VISIBLE_DEVICES)
Loaded EGL 1.5 after reload.
GL_VENDOR=NVIDIA Corporation
GL_RENDERER=NVIDIA A100-SXM4-80GB/PCIe/SSE2
GL_VERSION=3.3.0 NVIDIA 595.71.05
GL_SHADING_LANGUAGE_VERSION=3.30 NVIDIA via Cg compiler
Version = 3.3.0 NVIDIA 595.71.05
Vendor = NVIDIA Corporation
Renderer = NVIDIA A100-SXM4-80GB/PCIe/SSE2
Loading Florence-2 from /data0/yejinxuan/hf_cache/hub/Florence-2-large
Loading pretrained weights from /data0/yejinxuan/ce-ais/data/flower_calvin_abc/model.safetensors...
Loaded safetensors file
Pretrained weights loaded with the following issues:
  ⚠️ Missing keys (not found in checkpoint, using default init): 2
    ['vlm.language_model.final_logits_bias', 'vlm.language_model.model.shared.weight'] ...
  ⚠️ Unexpected keys (ignored): 2
    ['vlm.language_final_logits_bias', 'vlm.language_shared.weight'] ...
ven = NVIDIA Corporation
ven = NVIDIA Corporation
    progress frozen_flower: 10/100 episodes, L1=70.0%, avg_completed=1.10
    progress frozen_flower: 20/100 episodes, L1=55.0%, avg_completed=0.85
    progress frozen_flower: 30/100 episodes, L1=53.3%, avg_completed=0.80
    progress frozen_flower: 40/100 episodes, L1=45.0%, avg_completed=0.65
    progress frozen_flower: 50/100 episodes, L1=40.0%, avg_completed=0.58
    progress frozen_flower: 60/100 episodes, L1=35.0%, avg_completed=0.50
    progress frozen_flower: 70/100 episodes, L1=31.4%, avg_completed=0.44
    progress frozen_flower: 80/100 episodes, L1=31.2%, avg_completed=0.45
    progress frozen_flower: 90/100 episodes, L1=31.1%, avg_completed=0.44
    progress frozen_flower: 100/100 episodes, L1=30.0%, avg_completed=0.43
    L1=30.0%, avg_completed=0.43
disconnecting id 0 from server
Destroy EGL OpenGL window.
disconnecting id -1 from server

  [ce_ais] Evaluating under visual/severe OOD...
/data0/yejinxuan/ce-ais/.venv/lib/python3.12/site-packages/hydra/_internal/defaults_list.py:251: UserWarning: In 'config_data_collection': Defaults list is missing `_self_`. See https://hydra.cc/docs/1.2/upgrades/1.0_to_1.1/default_composition_order for more information
  warnings.warn(msg, UserWarning)
/data0/yejinxuan/ce-ais/.venv/lib/python3.12/site-packages/hydra/core/default_element.py:124: UserWarning: In 'vr_input/vr_controller/vive': Usage of deprecated keyword in package header '# @package _group_'.
See https://hydra.cc/docs/1.2/upgrades/1.0_to_1.1/changes_to_package_header for more information
  deprecation_warning(
argv[0]=--width=200
argv[1]=--height=200
EGL device choice: 7 of 17 (from EGL_VISIBLE_DEVICES)
Loaded EGL 1.5 after reload.
GL_VENDOR=NVIDIA Corporation
GL_RENDERER=NVIDIA A100-SXM4-80GB/PCIe/SSE2
GL_VERSION=3.3.0 NVIDIA 595.71.05
GL_SHADING_LANGUAGE_VERSION=3.30 NVIDIA via Cg compiler
Version = 3.3.0 NVIDIA 595.71.05
Vendor = NVIDIA Corporation
Renderer = NVIDIA A100-SXM4-80GB/PCIe/SSE2
Loading Florence-2 from /data0/yejinxuan/hf_cache/hub/Florence-2-large
Loading pretrained weights from /data0/yejinxuan/ce-ais/data/flower_calvin_abc/model.safetensors...
Loaded safetensors file
Pretrained weights loaded with the following issues:
  ⚠️ Missing keys (not found in checkpoint, using default init): 2
    ['vlm.language_model.final_logits_bias', 'vlm.language_model.model.shared.weight'] ...
  ⚠️ Unexpected keys (ignored): 2
    ['vlm.language_final_logits_bias', 'vlm.language_shared.weight'] ...
  Loaded encoder checkpoint: /data0/yejinxuan/ce-ais/checkpoints/encoder_epoch0044.pt
  Loaded CE-WM checkpoint: /data0/yejinxuan/ce-ais/checkpoints_calibrated_cewm/cewm_epoch0033.pt
ven = NVIDIA Corporation
ven = NVIDIA Corporation
    progress ce_ais: 10/100 episodes, L1=70.0%, avg_completed=0.90
    progress ce_ais: 20/100 episodes, L1=55.0%, avg_completed=0.75
    progress ce_ais: 30/100 episodes, L1=53.3%, avg_completed=0.73
    progress ce_ais: 40/100 episodes, L1=45.0%, avg_completed=0.60
    progress ce_ais: 50/100 episodes, L1=40.0%, avg_completed=0.54
    progress ce_ais: 60/100 episodes, L1=35.0%, avg_completed=0.47
    progress ce_ais: 70/100 episodes, L1=32.9%, avg_completed=0.43
    progress ce_ais: 80/100 episodes, L1=32.5%, avg_completed=0.44
    progress ce_ais: 90/100 episodes, L1=31.1%, avg_completed=0.42
    progress ce_ais: 100/100 episodes, L1=30.0%, avg_completed=0.44
    L1=30.0%, avg_completed=0.44
disconnecting id 0 from server
Destroy EGL OpenGL window.
disconnecting id -1 from server

============================================================
OOD Scenario: camera/mild — 相机轻度偏转 (offset=0.01)
============================================================

  [frozen_flower] Evaluating under camera/mild OOD...
/data0/yejinxuan/ce-ais/.venv/lib/python3.12/site-packages/hydra/_internal/defaults_list.py:251: UserWarning: In 'config_data_collection': Defaults list is missing `_self_`. See https://hydra.cc/docs/1.2/upgrades/1.0_to_1.1/default_composition_order for more information
  warnings.warn(msg, UserWarning)
/data0/yejinxuan/ce-ais/.venv/lib/python3.12/site-packages/hydra/core/default_element.py:124: UserWarning: In 'vr_input/vr_controller/vive': Usage of deprecated keyword in package header '# @package _group_'.
See https://hydra.cc/docs/1.2/upgrades/1.0_to_1.1/changes_to_package_header for more information
  deprecation_warning(
argv[0]=--width=200
argv[1]=--height=200
EGL device choice: 7 of 17 (from EGL_VISIBLE_DEVICES)
Loaded EGL 1.5 after reload.
GL_VENDOR=NVIDIA Corporation
GL_RENDERER=NVIDIA A100-SXM4-80GB/PCIe/SSE2
GL_VERSION=3.3.0 NVIDIA 595.71.05
GL_SHADING_LANGUAGE_VERSION=3.30 NVIDIA via Cg compiler
Version = 3.3.0 NVIDIA 595.71.05
Vendor = NVIDIA Corporation
Renderer = NVIDIA A100-SXM4-80GB/PCIe/SSE2
Loading Florence-2 from /data0/yejinxuan/hf_cache/hub/Florence-2-large
Loading pretrained weights from /data0/yejinxuan/ce-ais/data/flower_calvin_abc/model.safetensors...
Loaded safetensors file
Pretrained weights loaded with the following issues:
  ⚠️ Missing keys (not found in checkpoint, using default init): 2
    ['vlm.language_model.final_logits_bias', 'vlm.language_model.model.shared.weight'] ...
  ⚠️ Unexpected keys (ignored): 2
    ['vlm.language_final_logits_bias', 'vlm.language_shared.weight'] ...
ven = NVIDIA Corporation
ven = NVIDIA Corporation
    progress frozen_flower: 10/100 episodes, L1=60.0%, avg_completed=1.00
    progress frozen_flower: 20/100 episodes, L1=50.0%, avg_completed=0.80
    progress frozen_flower: 30/100 episodes, L1=50.0%, avg_completed=0.73
    progress frozen_flower: 40/100 episodes, L1=42.5%, avg_completed=0.60
    progress frozen_flower: 50/100 episodes, L1=38.0%, avg_completed=0.54
    progress frozen_flower: 60/100 episodes, L1=35.0%, avg_completed=0.50
    progress frozen_flower: 70/100 episodes, L1=31.4%, avg_completed=0.44
    progress frozen_flower: 80/100 episodes, L1=31.2%, avg_completed=0.45
    progress frozen_flower: 90/100 episodes, L1=31.1%, avg_completed=0.46
    progress frozen_flower: 100/100 episodes, L1=30.0%, avg_completed=0.46
    L1=30.0%, avg_completed=0.46
disconnecting id 0 from server
Destroy EGL OpenGL window.
disconnecting id -1 from server

  [ce_ais] Evaluating under camera/mild OOD...
/data0/yejinxuan/ce-ais/.venv/lib/python3.12/site-packages/hydra/_internal/defaults_list.py:251: UserWarning: In 'config_data_collection': Defaults list is missing `_self_`. See https://hydra.cc/docs/1.2/upgrades/1.0_to_1.1/default_composition_order for more information
  warnings.warn(msg, UserWarning)
/data0/yejinxuan/ce-ais/.venv/lib/python3.12/site-packages/hydra/core/default_element.py:124: UserWarning: In 'vr_input/vr_controller/vive': Usage of deprecated keyword in package header '# @package _group_'.
See https://hydra.cc/docs/1.2/upgrades/1.0_to_1.1/changes_to_package_header for more information
  deprecation_warning(
argv[0]=--width=200
argv[1]=--height=200
EGL device choice: 7 of 17 (from EGL_VISIBLE_DEVICES)
Loaded EGL 1.5 after reload.
GL_VENDOR=NVIDIA Corporation
GL_RENDERER=NVIDIA A100-SXM4-80GB/PCIe/SSE2
GL_VERSION=3.3.0 NVIDIA 595.71.05
GL_SHADING_LANGUAGE_VERSION=3.30 NVIDIA via Cg compiler
Version = 3.3.0 NVIDIA 595.71.05
Vendor = NVIDIA Corporation
Renderer = NVIDIA A100-SXM4-80GB/PCIe/SSE2
Loading Florence-2 from /data0/yejinxuan/hf_cache/hub/Florence-2-large
Loading pretrained weights from /data0/yejinxuan/ce-ais/data/flower_calvin_abc/model.safetensors...
Loaded safetensors file
Pretrained weights loaded with the following issues:
  ⚠️ Missing keys (not found in checkpoint, using default init): 2
    ['vlm.language_model.final_logits_bias', 'vlm.language_model.model.shared.weight'] ...
  ⚠️ Unexpected keys (ignored): 2
    ['vlm.language_final_logits_bias', 'vlm.language_shared.weight'] ...
  Loaded encoder checkpoint: /data0/yejinxuan/ce-ais/checkpoints/encoder_epoch0044.pt
  Loaded CE-WM checkpoint: /data0/yejinxuan/ce-ais/checkpoints_calibrated_cewm/cewm_epoch0033.pt
ven = NVIDIA Corporation
ven = NVIDIA Corporation
    progress ce_ais: 10/100 episodes, L1=70.0%, avg_completed=0.90
    progress ce_ais: 20/100 episodes, L1=55.0%, avg_completed=0.75
    progress ce_ais: 30/100 episodes, L1=53.3%, avg_completed=0.73
    progress ce_ais: 40/100 episodes, L1=45.0%, avg_completed=0.60
    progress ce_ais: 50/100 episodes, L1=40.0%, avg_completed=0.52
    progress ce_ais: 60/100 episodes, L1=35.0%, avg_completed=0.45
    progress ce_ais: 70/100 episodes, L1=31.4%, avg_completed=0.40
    progress ce_ais: 80/100 episodes, L1=32.5%, avg_completed=0.42
    progress ce_ais: 90/100 episodes, L1=31.1%, avg_completed=0.42
    progress ce_ais: 100/100 episodes, L1=30.0%, avg_completed=0.44
    L1=30.0%, avg_completed=0.44
disconnecting id 0 from server
Destroy EGL OpenGL window.
disconnecting id -1 from server

============================================================
OOD Scenario: camera/medium — 相机中度偏转 (offset=0.03)
============================================================

  [frozen_flower] Evaluating under camera/medium OOD...
/data0/yejinxuan/ce-ais/.venv/lib/python3.12/site-packages/hydra/_internal/defaults_list.py:251: UserWarning: In 'config_data_collection': Defaults list is missing `_self_`. See https://hydra.cc/docs/1.2/upgrades/1.0_to_1.1/default_composition_order for more information
  warnings.warn(msg, UserWarning)
/data0/yejinxuan/ce-ais/.venv/lib/python3.12/site-packages/hydra/core/default_element.py:124: UserWarning: In 'vr_input/vr_controller/vive': Usage of deprecated keyword in package header '# @package _group_'.
See https://hydra.cc/docs/1.2/upgrades/1.0_to_1.1/changes_to_package_header for more information
  deprecation_warning(
argv[0]=--width=200
argv[1]=--height=200
EGL device choice: 7 of 17 (from EGL_VISIBLE_DEVICES)
Loaded EGL 1.5 after reload.
GL_VENDOR=NVIDIA Corporation
GL_RENDERER=NVIDIA A100-SXM4-80GB/PCIe/SSE2
GL_VERSION=3.3.0 NVIDIA 595.71.05
GL_SHADING_LANGUAGE_VERSION=3.30 NVIDIA via Cg compiler
Version = 3.3.0 NVIDIA 595.71.05
Vendor = NVIDIA Corporation
Renderer = NVIDIA A100-SXM4-80GB/PCIe/SSE2
Loading Florence-2 from /data0/yejinxuan/hf_cache/hub/Florence-2-large
Loading pretrained weights from /data0/yejinxuan/ce-ais/data/flower_calvin_abc/model.safetensors...
Loaded safetensors file
Pretrained weights loaded with the following issues:
  ⚠️ Missing keys (not found in checkpoint, using default init): 2
    ['vlm.language_model.final_logits_bias', 'vlm.language_model.model.shared.weight'] ...
  ⚠️ Unexpected keys (ignored): 2
    ['vlm.language_final_logits_bias', 'vlm.language_shared.weight'] ...
ven = NVIDIA Corporation
ven = NVIDIA Corporation
    progress frozen_flower: 10/100 episodes, L1=70.0%, avg_completed=0.90
    progress frozen_flower: 20/100 episodes, L1=55.0%, avg_completed=0.75
    progress frozen_flower: 30/100 episodes, L1=53.3%, avg_completed=0.73
    progress frozen_flower: 40/100 episodes, L1=45.0%, avg_completed=0.60
    progress frozen_flower: 50/100 episodes, L1=40.0%, avg_completed=0.52
    progress frozen_flower: 60/100 episodes, L1=35.0%, avg_completed=0.47
    progress frozen_flower: 70/100 episodes, L1=32.9%, avg_completed=0.43
    progress frozen_flower: 80/100 episodes, L1=33.8%, avg_completed=0.45
    progress frozen_flower: 90/100 episodes, L1=32.2%, avg_completed=0.44
    progress frozen_flower: 100/100 episodes, L1=31.0%, avg_completed=0.45
    L1=31.0%, avg_completed=0.45
disconnecting id 0 from server
Destroy EGL OpenGL window.
disconnecting id -1 from server

  [ce_ais] Evaluating under camera/medium OOD...
/data0/yejinxuan/ce-ais/.venv/lib/python3.12/site-packages/hydra/_internal/defaults_list.py:251: UserWarning: In 'config_data_collection': Defaults list is missing `_self_`. See https://hydra.cc/docs/1.2/upgrades/1.0_to_1.1/default_composition_order for more information
  warnings.warn(msg, UserWarning)
/data0/yejinxuan/ce-ais/.venv/lib/python3.12/site-packages/hydra/core/default_element.py:124: UserWarning: In 'vr_input/vr_controller/vive': Usage of deprecated keyword in package header '# @package _group_'.
See https://hydra.cc/docs/1.2/upgrades/1.0_to_1.1/changes_to_package_header for more information
  deprecation_warning(
argv[0]=--width=200
argv[1]=--height=200
EGL device choice: 7 of 17 (from EGL_VISIBLE_DEVICES)
Loaded EGL 1.5 after reload.
GL_VENDOR=NVIDIA Corporation
GL_RENDERER=NVIDIA A100-SXM4-80GB/PCIe/SSE2
GL_VERSION=3.3.0 NVIDIA 595.71.05
GL_SHADING_LANGUAGE_VERSION=3.30 NVIDIA via Cg compiler
Version = 3.3.0 NVIDIA 595.71.05
Vendor = NVIDIA Corporation
Renderer = NVIDIA A100-SXM4-80GB/PCIe/SSE2
Loading Florence-2 from /data0/yejinxuan/hf_cache/hub/Florence-2-large
Loading pretrained weights from /data0/yejinxuan/ce-ais/data/flower_calvin_abc/model.safetensors...
Loaded safetensors file
Pretrained weights loaded with the following issues:
  ⚠️ Missing keys (not found in checkpoint, using default init): 2
    ['vlm.language_model.final_logits_bias', 'vlm.language_model.model.shared.weight'] ...
  ⚠️ Unexpected keys (ignored): 2
    ['vlm.language_final_logits_bias', 'vlm.language_shared.weight'] ...
  Loaded encoder checkpoint: /data0/yejinxuan/ce-ais/checkpoints/encoder_epoch0044.pt
  Loaded CE-WM checkpoint: /data0/yejinxuan/ce-ais/checkpoints_calibrated_cewm/cewm_epoch0033.pt
ven = NVIDIA Corporation
ven = NVIDIA Corporation
    progress ce_ais: 10/100 episodes, L1=70.0%, avg_completed=1.10
    progress ce_ais: 20/100 episodes, L1=55.0%, avg_completed=0.85
    progress ce_ais: 30/100 episodes, L1=53.3%, avg_completed=0.80
    progress ce_ais: 40/100 episodes, L1=45.0%, avg_completed=0.65
    progress ce_ais: 50/100 episodes, L1=38.0%, avg_completed=0.54
    progress ce_ais: 60/100 episodes, L1=31.7%, avg_completed=0.45
    progress ce_ais: 70/100 episodes, L1=30.0%, avg_completed=0.41
    progress ce_ais: 80/100 episodes, L1=30.0%, avg_completed=0.42
    progress ce_ais: 90/100 episodes, L1=31.1%, avg_completed=0.43
    progress ce_ais: 100/100 episodes, L1=30.0%, avg_completed=0.44
    L1=30.0%, avg_completed=0.44
disconnecting id 0 from server
Destroy EGL OpenGL window.
disconnecting id -1 from server

============================================================
OOD Scenario: camera/severe — 相机姿态偏转 (offset=0.05)
============================================================

  [frozen_flower] Evaluating under camera/severe OOD...
/data0/yejinxuan/ce-ais/.venv/lib/python3.12/site-packages/hydra/_internal/defaults_list.py:251: UserWarning: In 'config_data_collection': Defaults list is missing `_self_`. See https://hydra.cc/docs/1.2/upgrades/1.0_to_1.1/default_composition_order for more information
  warnings.warn(msg, UserWarning)
/data0/yejinxuan/ce-ais/.venv/lib/python3.12/site-packages/hydra/core/default_element.py:124: UserWarning: In 'vr_input/vr_controller/vive': Usage of deprecated keyword in package header '# @package _group_'.
See https://hydra.cc/docs/1.2/upgrades/1.0_to_1.1/changes_to_package_header for more information
  deprecation_warning(
argv[0]=--width=200
argv[1]=--height=200
EGL device choice: 7 of 17 (from EGL_VISIBLE_DEVICES)
Loaded EGL 1.5 after reload.
GL_VENDOR=NVIDIA Corporation
GL_RENDERER=NVIDIA A100-SXM4-80GB/PCIe/SSE2
GL_VERSION=3.3.0 NVIDIA 595.71.05
GL_SHADING_LANGUAGE_VERSION=3.30 NVIDIA via Cg compiler
Version = 3.3.0 NVIDIA 595.71.05
Vendor = NVIDIA Corporation
Renderer = NVIDIA A100-SXM4-80GB/PCIe/SSE2
Loading Florence-2 from /data0/yejinxuan/hf_cache/hub/Florence-2-large
Loading pretrained weights from /data0/yejinxuan/ce-ais/data/flower_calvin_abc/model.safetensors...
Loaded safetensors file
Pretrained weights loaded with the following issues:
  ⚠️ Missing keys (not found in checkpoint, using default init): 2
    ['vlm.language_model.final_logits_bias', 'vlm.language_model.model.shared.weight'] ...
  ⚠️ Unexpected keys (ignored): 2
    ['vlm.language_final_logits_bias', 'vlm.language_shared.weight'] ...
ven = NVIDIA Corporation
ven = NVIDIA Corporation
    progress frozen_flower: 10/100 episodes, L1=60.0%, avg_completed=1.00
    progress frozen_flower: 20/100 episodes, L1=50.0%, avg_completed=0.80
    progress frozen_flower: 30/100 episodes, L1=50.0%, avg_completed=0.77
    progress frozen_flower: 40/100 episodes, L1=45.0%, avg_completed=0.65
    progress frozen_flower: 50/100 episodes, L1=40.0%, avg_completed=0.58
    progress frozen_flower: 60/100 episodes, L1=35.0%, avg_completed=0.50
    progress frozen_flower: 70/100 episodes, L1=32.9%, avg_completed=0.46
    progress frozen_flower: 80/100 episodes, L1=32.5%, avg_completed=0.46
    progress frozen_flower: 90/100 episodes, L1=32.2%, avg_completed=0.47
    progress frozen_flower: 100/100 episodes, L1=31.0%, avg_completed=0.47
    L1=31.0%, avg_completed=0.47
disconnecting id 0 from server
Destroy EGL OpenGL window.
disconnecting id -1 from server

  [ce_ais] Evaluating under camera/severe OOD...
/data0/yejinxuan/ce-ais/.venv/lib/python3.12/site-packages/hydra/_internal/defaults_list.py:251: UserWarning: In 'config_data_collection': Defaults list is missing `_self_`. See https://hydra.cc/docs/1.2/upgrades/1.0_to_1.1/default_composition_order for more information
  warnings.warn(msg, UserWarning)
/data0/yejinxuan/ce-ais/.venv/lib/python3.12/site-packages/hydra/core/default_element.py:124: UserWarning: In 'vr_input/vr_controller/vive': Usage of deprecated keyword in package header '# @package _group_'.
See https://hydra.cc/docs/1.2/upgrades/1.0_to_1.1/changes_to_package_header for more information
  deprecation_warning(
argv[0]=--width=200
argv[1]=--height=200
EGL device choice: 7 of 17 (from EGL_VISIBLE_DEVICES)
Loaded EGL 1.5 after reload.
GL_VENDOR=NVIDIA Corporation
GL_RENDERER=NVIDIA A100-SXM4-80GB/PCIe/SSE2
GL_VERSION=3.3.0 NVIDIA 595.71.05
GL_SHADING_LANGUAGE_VERSION=3.30 NVIDIA via Cg compiler
Version = 3.3.0 NVIDIA 595.71.05
Vendor = NVIDIA Corporation
Renderer = NVIDIA A100-SXM4-80GB/PCIe/SSE2
Loading Florence-2 from /data0/yejinxuan/hf_cache/hub/Florence-2-large
Loading pretrained weights from /data0/yejinxuan/ce-ais/data/flower_calvin_abc/model.safetensors...
Loaded safetensors file
Pretrained weights loaded with the following issues:
  ⚠️ Missing keys (not found in checkpoint, using default init): 2
    ['vlm.language_model.final_logits_bias', 'vlm.language_model.model.shared.weight'] ...
  ⚠️ Unexpected keys (ignored): 2
    ['vlm.language_final_logits_bias', 'vlm.language_shared.weight'] ...
  Loaded encoder checkpoint: /data0/yejinxuan/ce-ais/checkpoints/encoder_epoch0044.pt
  Loaded CE-WM checkpoint: /data0/yejinxuan/ce-ais/checkpoints_calibrated_cewm/cewm_epoch0033.pt
ven = NVIDIA Corporation
ven = NVIDIA Corporation
    progress ce_ais: 10/100 episodes, L1=60.0%, avg_completed=1.00
    progress ce_ais: 20/100 episodes, L1=50.0%, avg_completed=0.80
    progress ce_ais: 30/100 episodes, L1=50.0%, avg_completed=0.73
    progress ce_ais: 40/100 episodes, L1=42.5%, avg_completed=0.60
    progress ce_ais: 50/100 episodes, L1=38.0%, avg_completed=0.54
    progress ce_ais: 60/100 episodes, L1=31.7%, avg_completed=0.45
    progress ce_ais: 70/100 episodes, L1=28.6%, avg_completed=0.40
    progress ce_ais: 80/100 episodes, L1=28.7%, avg_completed=0.41
    progress ce_ais: 90/100 episodes, L1=28.9%, avg_completed=0.42
    progress ce_ais: 100/100 episodes, L1=28.0%, avg_completed=0.43
    L1=28.0%, avg_completed=0.43
disconnecting id 0 from server
Destroy EGL OpenGL window.
disconnecting id -1 from server

OOD results saved: results/final_balanced_cewm33_ood_all_100/ood_experiment.json

======================================================================
Method                   physics/mild   physics/medium   physics/severe      visual/mild    visual/medium    visual/severe      camera/mild    camera/medium    camera/severe
----------------------------------------------------------------------
frozen_flower                  16.0%            6.0%            7.0%           31.0%           34.0%           30.0%           30.0%           31.0%           31.0%
ce_ais                         16.0%            5.0%            8.0%           32.0%           28.0%           30.0%           30.0%           30.0%           28.0%
======================================================================
