======================================================================
CE-AIS Paper Main Experiments
Methods: ['frozen_flower']
Chains: 1000 x 5
Device: cuda:7 (requested=cuda:7, visible=None)
EGL: enabled (EGL_VISIBLE_DEVICES=7)
======================================================================

[1] Initializing CALVIN environment...
/data0/yejinxuan/ce-ais/.venv/lib/python3.12/site-packages/hydra/_internal/defaults_list.py:251: UserWarning: In 'config_data_collection': Defaults list is missing `_self_`. See https://hydra.cc/docs/1.2/upgrades/1.0_to_1.1/default_composition_order for more information
  warnings.warn(msg, UserWarning)
/data0/yejinxuan/ce-ais/.venv/lib/python3.12/site-packages/hydra/core/default_element.py:124: UserWarning: In 'vr_input/vr_controller/vive': Usage of deprecated keyword in package header '# @package _group_'.
See https://hydra.cc/docs/1.2/upgrades/1.0_to_1.1/changes_to_package_header for more information
  deprecation_warning(
Gym has been unmaintained since 2022 and does not support NumPy 2.0 amongst other critical functionality.
Please upgrade to Gymnasium, the maintained drop-in replacement of Gym, or contact the authors of your software and request that they upgrade.
Users of this version of Gym should be able to simply replace 'import gym' with 'import gymnasium as gym' in the vast majority of cases.
See the migration guide at https://gymnasium.farama.org/introduction/migration_guide/ for additional information.
pybullet build time: Oct 21 2025 10:07:17
/data0/yejinxuan/workspace/calvin/calvin_env/calvin_env/envs/play_table_env.py:292: UserWarning: 
The version_base parameter is not specified.
Please specify a compatability version level, or None.
Will assume defaults for version 1.1
  @hydra.main(config_path="../../conf", config_name="config_data_collection")
argv[0]=--width=200
argv[1]=--height=200
EGL device choice: 7 of 17 (from EGL_VISIBLE_DEVICES)
Loaded EGL 1.5 after reload.
GL_VENDOR=NVIDIA Corporation
GL_RENDERER=NVIDIA A100-SXM4-80GB/PCIe/SSE2
GL_VERSION=3.3.0 NVIDIA 595.71.05
GL_SHADING_LANGUAGE_VERSION=3.30 NVIDIA via Cg compiler
Version = 3.3.0 NVIDIA 595.71.05
Vendor = NVIDIA Corporation
Renderer = NVIDIA A100-SXM4-80GB/PCIe/SSE2
  Available tasks: 34
/data0/yejinxuan/ce-ais/.venv/lib/python3.12/site-packages/lightning_lite/__init__.py:29: UserWarning: pkg_resources is deprecated as an API. See https://setuptools.pypa.io/en/latest/pkg_resources.html. The pkg_resources package is slated for removal as early as 2025-11-30. Refrain from using this package or pin to Setuptools<81.
  __import__("pkg_resources").declare_namespace(__name__)
  Sequence source: flower_official

[Eval] Running: frozen_flower
Loading Florence-2 from /data0/yejinxuan/hf_cache/hub/Florence-2-large
Loading pretrained weights from /data0/yejinxuan/ce-ais/data/flower_calvin_abc/model.safetensors...
Loaded safetensors file
Pretrained weights loaded with the following issues:
  ⚠️ Missing keys (not found in checkpoint, using default init): 2
    ['vlm.language_model.final_logits_bias', 'vlm.language_model.model.shared.weight'] ...
  ⚠️ Unexpected keys (ignored): 2
    ['vlm.language_final_logits_bias', 'vlm.language_shared.weight'] ...
    [frozen_flower] chain 1/1000 start: ['rotate_blue_block_right', 'move_slider_right', 'lift_red_block_slider', 'place_in_slider', 'turn_off_lightbulb']
    [frozen_flower] chain 1/1000 instructions: ['take the blue block and rotate it to the right', 'push the sliding door to the right side', 'lift the red block from the sliding cabinet', 'store the grasped block in the sliding cabinet', 'use the switch to turn off the light bulb']
ven = NVIDIA Corporation
ven = NVIDIA Corporation
    [frozen_flower] chain 1/1000 task 1/5 start: rotate_blue_block_right | instruction: take the blue block and rotate it to the right
    [frozen_flower] chain 1/1000 task 1/5 step 1/360: running policy
    [frozen_flower] chain 1/1000 task 1/5 step 1/360: policy 0.44s, stepping env
    [frozen_flower] chain 1/1000 task 1/5 step 25/360: running policy
    [frozen_flower] chain 1/1000 task 1/5 step 25/360: policy 0.01s, stepping env
    [frozen_flower] chain 1/1000 task 1/5 step 50/360: running policy
    [frozen_flower] chain 1/1000 task 1/5 step 50/360: policy 0.01s, stepping env
    [frozen_flower] chain 1/1000 task 1/5 step 75/360: running policy
    [frozen_flower] chain 1/1000 task 1/5 step 75/360: policy 0.01s, stepping env
    [frozen_flower] chain 1/1000 task 1/5 success at step 84
    [frozen_flower] chain 1/1000 task 1/5 success: 84 steps, 3.1s
    [frozen_flower] chain 1/1000 task 2/5 start: move_slider_right | instruction: push the sliding door to the right side
    [frozen_flower] chain 1/1000 task 2/5 step 1/360: running policy
    [frozen_flower] chain 1/1000 task 2/5 step 1/360: policy 0.18s, stepping env
    [frozen_flower] chain 1/1000 task 2/5 step 25/360: running policy
    [frozen_flower] chain 1/1000 task 2/5 step 25/360: policy 0.01s, stepping env
    [frozen_flower] chain 1/1000 task 2/5 step 50/360: running policy
    [frozen_flower] chain 1/1000 task 2/5 step 50/360: policy 0.01s, stepping env
    [frozen_flower] chain 1/1000 task 2/5 step 75/360: running policy
    [frozen_flower] chain 1/1000 task 2/5 step 75/360: policy 0.01s, stepping env
    [frozen_flower] chain 1/1000 task 2/5 success at step 75
    [frozen_flower] chain 1/1000 task 2/5 success: 75 steps, 2.5s
    [frozen_flower] chain 1/1000 task 3/5 start: lift_red_block_slider | instruction: lift the red block from the sliding cabinet
    [frozen_flower] chain 1/1000 task 3/5 step 1/360: running policy
    [frozen_flower] chain 1/1000 task 3/5 step 1/360: policy 0.18s, stepping env
    [frozen_flower] chain 1/1000 task 3/5 step 25/360: running policy
    [frozen_flower] chain 1/1000 task 3/5 step 25/360: policy 0.01s, stepping env
    [frozen_flower] chain 1/1000 task 3/5 step 50/360: running policy
    [frozen_flower] chain 1/1000 task 3/5 step 50/360: policy 0.01s, stepping env
    [frozen_flower] chain 1/1000 task 3/5 step 75/360: running policy
    [frozen_flower] chain 1/1000 task 3/5 step 75/360: policy 0.01s, stepping env
    [frozen_flower] chain 1/1000 task 3/5 success at step 82
    [frozen_flower] chain 1/1000 task 3/5 success: 82 steps, 2.8s
    [frozen_flower] chain 1/1000 task 4/5 start: place_in_slider | instruction: store the grasped block in the sliding cabinet
    [frozen_flower] chain 1/1000 task 4/5 step 1/360: running policy
    [frozen_flower] chain 1/1000 task 4/5 step 1/360: policy 0.18s, stepping env
    [frozen_flower] chain 1/1000 task 4/5 step 25/360: running policy
    [frozen_flower] chain 1/1000 task 4/5 step 25/360: policy 0.01s, stepping env
    [frozen_flower] chain 1/1000 task 4/5 success at step 27
    [frozen_flower] chain 1/1000 task 4/5 success: 27 steps, 1.0s
    [frozen_flower] chain 1/1000 task 5/5 start: turn_off_lightbulb | instruction: use the switch to turn off the light bulb
    [frozen_flower] chain 1/1000 task 5/5 step 1/360: running policy
    [frozen_flower] chain 1/1000 task 5/5 step 1/360: policy 0.18s, stepping env
    [frozen_flower] chain 1/1000 task 5/5 step 25/360: running policy
    [frozen_flower] chain 1/1000 task 5/5 step 25/360: policy 0.01s, stepping env
    [frozen_flower] chain 1/1000 task 5/5 step 50/360: running policy
    [frozen_flower] chain 1/1000 task 5/5 step 50/360: policy 0.01s, stepping env
    [frozen_flower] chain 1/1000 task 5/5 step 75/360: running policy
    [frozen_flower] chain 1/1000 task 5/5 step 75/360: policy 0.01s, stepping env
    [frozen_flower] chain 1/1000 task 5/5 success at step 80
    [frozen_flower] chain 1/1000 task 5/5 success: 80 steps, 2.7s
    [frozen_flower] chain 2/1000 start: ['turn_off_led', 'push_into_drawer', 'lift_blue_block_drawer', 'place_in_slider', 'close_drawer']
    [frozen_flower] chain 2/1000 instructions: ['press the button to turn off the led light', 'slide the block that it falls into the drawer', 'Take the blue block from the drawer', 'store the grasped block in the sliding cabinet', 'push the handle to close the drawer']
    [frozen_flower] chain 2/1000 task 1/5 start: turn_off_led | instruction: press the button to turn off the led light
    [frozen_flower] chain 2/1000 task 1/5 step 1/360: running policy
    [frozen_flower] chain 2/1000 task 1/5 step 1/360: policy 0.19s, stepping env
    [frozen_flower] chain 2/1000 task 1/5 step 25/360: running policy
    [frozen_flower] chain 2/1000 task 1/5 step 25/360: policy 0.01s, stepping env
    [frozen_flower] chain 2/1000 task 1/5 success at step 42
    [frozen_flower] chain 2/1000 task 1/5 success: 42 steps, 1.5s
    [frozen_flower] chain 2/1000 task 2/5 start: push_into_drawer | instruction: slide the block that it falls into the drawer
    [frozen_flower] chain 2/1000 task 2/5 step 1/360: running policy
    [frozen_flower] chain 2/1000 task 2/5 step 1/360: policy 0.18s, stepping env
    [frozen_flower] chain 2/1000 task 2/5 step 25/360: running policy
    [frozen_flower] chain 2/1000 task 2/5 step 25/360: policy 0.01s, stepping env
    [frozen_flower] chain 2/1000 task 2/5 step 50/360: running policy
    [frozen_flower] chain 2/1000 task 2/5 step 50/360: policy 0.01s, stepping env
    [frozen_flower] chain 2/1000 task 2/5 step 75/360: running policy
    [frozen_flower] chain 2/1000 task 2/5 step 75/360: policy 0.01s, stepping env
    [frozen_flower] chain 2/1000 task 2/5 success at step 85
    [frozen_flower] chain 2/1000 task 2/5 success: 85 steps, 2.8s
    [frozen_flower] chain 2/1000 task 3/5 start: lift_blue_block_drawer | instruction: Take the blue block from the drawer
    [frozen_flower] chain 2/1000 task 3/5 step 1/360: running policy
    [frozen_flower] chain 2/1000 task 3/5 step 1/360: policy 0.19s, stepping env
    [frozen_flower] chain 2/1000 task 3/5 step 25/360: running policy
    [frozen_flower] chain 2/1000 task 3/5 step 25/360: policy 0.00s, stepping env
    [frozen_flower] chain 2/1000 task 3/5 success at step 38
    [frozen_flower] chain 2/1000 task 3/5 success: 38 steps, 1.2s
    [frozen_flower] chain 2/1000 task 4/5 start: place_in_slider | instruction: store the grasped block in the sliding cabinet
    [frozen_flower] chain 2/1000 task 4/5 step 1/360: running policy
    [frozen_flower] chain 2/1000 task 4/5 step 1/360: policy 0.18s, stepping env
    [frozen_flower] chain 2/1000 task 4/5 step 25/360: running policy
    [frozen_flower] chain 2/1000 task 4/5 step 25/360: policy 0.01s, stepping env
    [frozen_flower] chain 2/1000 task 4/5 step 50/360: running policy
    [frozen_flower] chain 2/1000 task 4/5 step 50/360: policy 0.01s, stepping env
    [frozen_flower] chain 2/1000 task 4/5 success at step 73
    [frozen_flower] chain 2/1000 task 4/5 success: 73 steps, 2.5s
    [frozen_flower] chain 2/1000 task 5/5 start: close_drawer | instruction: push the handle to close the drawer
    [frozen_flower] chain 2/1000 task 5/5 step 1/360: running policy
    [frozen_flower] chain 2/1000 task 5/5 step 1/360: policy 0.18s, stepping env
    [frozen_flower] chain 2/1000 task 5/5 step 25/360: running policy
    [frozen_flower] chain 2/1000 task 5/5 step 25/360: policy 0.01s, stepping env
    [frozen_flower] chain 2/1000 task 5/5 step 50/360: running policy
    [frozen_flower] chain 2/1000 task 5/5 step 50/360: policy 0.01s, stepping env
    [frozen_flower] chain 2/1000 task 5/5 step 75/360: running policy
    [frozen_flower] chain 2/1000 task 5/5 step 75/360: policy 0.01s, stepping env
    [frozen_flower] chain 2/1000 task 5/5 success at step 88
    [frozen_flower] chain 2/1000 task 5/5 success: 88 steps, 2.8s
    [frozen_flower] chain 3/1000 start: ['lift_pink_block_slider', 'place_in_slider', 'open_drawer', 'rotate_red_block_right', 'lift_red_block_table']
    [frozen_flower] chain 3/1000 instructions: ['lift the pink block from the sliding cabinet', 'store the grasped block in the sliding cabinet', 'pull the handle to open the drawer', 'take the red block and rotate it to the right', 'grasp and lift the red block']
    [frozen_flower] chain 3/1000 task 1/5 start: lift_pink_block_slider | instruction: lift the pink block from the sliding cabinet
    [frozen_flower] chain 3/1000 task 1/5 step 1/360: running policy
    [frozen_flower] chain 3/1000 task 1/5 step 1/360: policy 0.19s, stepping env
    [frozen_flower] chain 3/1000 task 1/5 step 25/360: running policy
    [frozen_flower] chain 3/1000 task 1/5 step 25/360: policy 0.01s, stepping env
    [frozen_flower] chain 3/1000 task 1/5 step 50/360: running policy
    [frozen_flower] chain 3/1000 task 1/5 step 50/360: policy 0.01s, stepping env
    [frozen_flower] chain 3/1000 task 1/5 success at step 72
    [frozen_flower] chain 3/1000 task 1/5 success: 72 steps, 2.5s
    [frozen_flower] chain 3/1000 task 2/5 start: place_in_slider | instruction: store the grasped block in the sliding cabinet
    [frozen_flower] chain 3/1000 task 2/5 step 1/360: running policy
    [frozen_flower] chain 3/1000 task 2/5 step 1/360: policy 0.18s, stepping env
    [frozen_flower] chain 3/1000 task 2/5 success at step 11
    [frozen_flower] chain 3/1000 task 2/5 success: 11 steps, 0.5s
    [frozen_flower] chain 3/1000 task 3/5 start: open_drawer | instruction: pull the handle to open the drawer
    [frozen_flower] chain 3/1000 task 3/5 step 1/360: running policy
    [frozen_flower] chain 3/1000 task 3/5 step 1/360: policy 0.18s, stepping env
    [frozen_flower] chain 3/1000 task 3/5 step 25/360: running policy
    [frozen_flower] chain 3/1000 task 3/5 step 25/360: policy 0.01s, stepping env
    [frozen_flower] chain 3/1000 task 3/5 step 50/360: running policy
    [frozen_flower] chain 3/1000 task 3/5 step 50/360: policy 0.01s, stepping env
    [frozen_flower] chain 3/1000 task 3/5 success at step 72
    [frozen_flower] chain 3/1000 task 3/5 success: 72 steps, 2.5s
    [frozen_flower] chain 3/1000 task 4/5 start: rotate_red_block_right | instruction: take the red block and rotate it to the right
    [frozen_flower] chain 3/1000 task 4/5 step 1/360: running policy
    [frozen_flower] chain 3/1000 task 4/5 step 1/360: policy 0.19s, stepping env
    [frozen_flower] chain 3/1000 task 4/5 step 25/360: running policy
    [frozen_flower] chain 3/1000 task 4/5 step 25/360: policy 0.01s, stepping env
    [frozen_flower] chain 3/1000 task 4/5 step 50/360: running policy
    [frozen_flower] chain 3/1000 task 4/5 step 50/360: policy 0.01s, stepping env
    [frozen_flower] chain 3/1000 task 4/5 step 75/360: running policy
    [frozen_flower] chain 3/1000 task 4/5 step 75/360: policy 0.01s, stepping env
    [frozen_flower] chain 3/1000 task 4/5 step 100/360: running policy
    [frozen_flower] chain 3/1000 task 4/5 step 100/360: policy 0.01s, stepping env
    [frozen_flower] chain 3/1000 task 4/5 success at step 105
    [frozen_flower] chain 3/1000 task 4/5 success: 105 steps, 3.6s
    [frozen_flower] chain 3/1000 task 5/5 start: lift_red_block_table | instruction: grasp and lift the red block
    [frozen_flower] chain 3/1000 task 5/5 step 1/360: running policy
    [frozen_flower] chain 3/1000 task 5/5 step 1/360: policy 0.18s, stepping env
    [frozen_flower] chain 3/1000 task 5/5 step 25/360: running policy
    [frozen_flower] chain 3/1000 task 5/5 step 25/360: policy 0.01s, stepping env
    [frozen_flower] chain 3/1000 task 5/5 step 50/360: running policy
    [frozen_flower] chain 3/1000 task 5/5 step 50/360: policy 0.01s, stepping env
    [frozen_flower] chain 3/1000 task 5/5 step 75/360: running policy
    [frozen_flower] chain 3/1000 task 5/5 step 75/360: policy 0.01s, stepping env
    [frozen_flower] chain 3/1000 task 5/5 step 100/360: running policy
    [frozen_flower] chain 3/1000 task 5/5 step 100/360: policy 0.01s, stepping env
    [frozen_flower] chain 3/1000 task 5/5 step 125/360: running policy
    [frozen_flower] chain 3/1000 task 5/5 step 125/360: policy 0.01s, stepping env
    [frozen_flower] chain 3/1000 task 5/5 step 150/360: running policy
    [frozen_flower] chain 3/1000 task 5/5 step 150/360: policy 0.01s, stepping env
    [frozen_flower] chain 3/1000 task 5/5 success at step 167
    [frozen_flower] chain 3/1000 task 5/5 success: 167 steps, 5.4s
    [frozen_flower] chain 4/1000 start: ['rotate_blue_block_right', 'lift_pink_block_table', 'place_in_slider', 'move_slider_left', 'open_drawer']
    [frozen_flower] chain 4/1000 instructions: ['take the blue block and rotate it to the right', 'grasp and lift the pink block', 'store the grasped block in the sliding cabinet', 'push the sliding door to the left side', 'pull the handle to open the drawer']
    [frozen_flower] chain 4/1000 task 1/5 start: rotate_blue_block_right | instruction: take the blue block and rotate it to the right
    [frozen_flower] chain 4/1000 task 1/5 step 1/360: running policy
    [frozen_flower] chain 4/1000 task 1/5 step 1/360: policy 0.18s, stepping env
    [frozen_flower] chain 4/1000 task 1/5 step 25/360: running policy
    [frozen_flower] chain 4/1000 task 1/5 step 25/360: policy 0.01s, stepping env
    [frozen_flower] chain 4/1000 task 1/5 step 50/360: running policy
    [frozen_flower] chain 4/1000 task 1/5 step 50/360: policy 0.01s, stepping env
    [frozen_flower] chain 4/1000 task 1/5 step 75/360: running policy
    [frozen_flower] chain 4/1000 task 1/5 step 75/360: policy 0.01s, stepping env
    [frozen_flower] chain 4/1000 task 1/5 success at step 86
    [frozen_flower] chain 4/1000 task 1/5 success: 86 steps, 3.4s
    [frozen_flower] chain 4/1000 task 2/5 start: lift_pink_block_table | instruction: grasp and lift the pink block
    [frozen_flower] chain 4/1000 task 2/5 step 1/360: running policy
    [frozen_flower] chain 4/1000 task 2/5 step 1/360: policy 0.23s, stepping env
    [frozen_flower] chain 4/1000 task 2/5 step 25/360: running policy
    [frozen_flower] chain 4/1000 task 2/5 step 25/360: policy 0.01s, stepping env
    [frozen_flower] chain 4/1000 task 2/5 step 50/360: running policy
    [frozen_flower] chain 4/1000 task 2/5 step 50/360: policy 0.01s, stepping env
    [frozen_flower] chain 4/1000 task 2/5 step 75/360: running policy
    [frozen_flower] chain 4/1000 task 2/5 step 75/360: policy 0.02s, stepping env
    [frozen_flower] chain 4/1000 task 2/5 success at step 87
    [frozen_flower] chain 4/1000 task 2/5 success: 87 steps, 3.6s
    [frozen_flower] chain 4/1000 task 3/5 start: place_in_slider | instruction: store the grasped block in the sliding cabinet
    [frozen_flower] chain 4/1000 task 3/5 step 1/360: running policy
    [frozen_flower] chain 4/1000 task 3/5 step 1/360: policy 0.23s, stepping env
    [frozen_flower] chain 4/1000 task 3/5 step 25/360: running policy
    [frozen_flower] chain 4/1000 task 3/5 step 25/360: policy 0.01s, stepping env
    [frozen_flower] chain 4/1000 task 3/5 step 50/360: running policy
    [frozen_flower] chain 4/1000 task 3/5 step 50/360: policy 0.01s, stepping env
    [frozen_flower] chain 4/1000 task 3/5 success at step 54
    [frozen_flower] chain 4/1000 task 3/5 success: 54 steps, 2.5s
    [frozen_flower] chain 4/1000 task 4/5 start: move_slider_left | instruction: push the sliding door to the left side
    [frozen_flower] chain 4/1000 task 4/5 step 1/360: running policy
    [frozen_flower] chain 4/1000 task 4/5 step 1/360: policy 0.24s, stepping env
    [frozen_flower] chain 4/1000 task 4/5 step 25/360: running policy
    [frozen_flower] chain 4/1000 task 4/5 step 25/360: policy 0.01s, stepping env
    [frozen_flower] chain 4/1000 task 4/5 step 50/360: running policy
    [frozen_flower] chain 4/1000 task 4/5 step 50/360: policy 0.01s, stepping env
